Microchip Technology Inc, v1.33 (A)

Tool Name:
  c:\program files (x86)\microchip\xc16\v1.33\bin\bin\..\bin/elf-ld.exe

Command:
  -p33EP128GM604 \
  -o \
  dist/default/production/chargingStationV5.X.production.elf \
  -Lc:/program files (x86)/microchip/xc16/v1.33/bin/bin/.. \
  -Lc:/program files (x86)/microchip/xc16/v1.33/bin/bin/../../lib \
  -Lc:/program files (x86)/microchip/xc16/v1.33/bin/bin/../../lib/PIC24E \
  -Lc:/program files (x86)/microchip/xc16/v1.33/bin/bin/../../support/PIC24E/gld \
  -Lc:/program files (x86)/microchip/xc16/v1.33/bin/bin/../../lib/PIC24F \
  -Lc:/program files (x86)/microchip/xc16/v1.33/bin/bin/../../support/PIC24F/gld \
  -Lc:/program files (x86)/microchip/xc16/v1.33/bin/bin/../../lib/PIC24H \
  -Lc:/program files (x86)/microchip/xc16/v1.33/bin/bin/../../support/PIC24H/gld \
  -Lc:/program files (x86)/microchip/xc16/v1.33/bin/bin/../../lib/dsPIC30F \
  -Lc:/program files (x86)/microchip/xc16/v1.33/bin/bin/../../support/dsPIC30F/gld \
  -Lc:/program files (x86)/microchip/xc16/v1.33/bin/bin/../../support/dsPIC33C/gld \
  -Lc:/program files (x86)/microchip/xc16/v1.33/bin/bin/../../lib/dsPIC33E \
  -Lc:/program files (x86)/microchip/xc16/v1.33/bin/bin/../../support/dsPIC33E/gld \
  -Lc:/program files (x86)/microchip/xc16/v1.33/bin/bin/../../lib/dsPIC33F \
  -Lc:/program files (x86)/microchip/xc16/v1.33/bin/bin/../../support/dsPIC33F/gld \
  build/default/production/mcc_generated_files/spi2.o \
  build/default/production/mcc_generated_files/system.o \
  build/default/production/mcc_generated_files/pwm.o \
  build/default/production/mcc_generated_files/traps.o \
  build/default/production/mcc_generated_files/mcc.o \
  build/default/production/mcc_generated_files/clock.o \
  build/default/production/mcc_generated_files/interrupt_manager.o \
  build/default/production/mcc_generated_files/adc1.o \
  build/default/production/mcc_generated_files/adc2.o \
  build/default/production/mcc_generated_files/uart4.o \
  build/default/production/mcc_generated_files/uart3.o \
  build/default/production/mcc_generated_files/uart2.o \
  build/default/production/mcc_generated_files/uart1.o \
  build/default/production/mcc_generated_files/pin_manager.o \
  build/default/production/mcc_generated_files/reset.o \
  build/default/production/mcc_generated_files/tmr2.o \
  build/default/production/mcc_generated_files/delay.o \
  build/default/production/mcc_generated_files/tmr3.o \
  build/default/production/mcc_generated_files/ext_int.o \
  build/default/production/main.o \
  build/default/production/led_control.o \
  build/default/production/app.o \
  build/default/production/function_api.o \
  build/default/production/timer_api.o \
  build/default/production/uart_api.o \
  build/default/production/relay_control.o \
  build/default/production/engineer_mode.o \
  build/default/production/power_meter.o \
  --local-stack \
  --defsym=__MPLAB_BUILD=1 \
  -Tp33EP128GM604.gld.00 \
  --stack=16 \
  --check-sections \
  --data-init \
  --pack-data \
  --handles \
  --isr \
  --no-gc-sections \
  --fill-upper=0 \
  --stackguard=16 \
  --no-force-link \
  --smart-io \
  -Map=dist/default/production/chargingStationV5.X.production.map \
  --report-mem \
  --memorysummary \
  dist/default/production/memoryfile.xml \
  -start-group \
  --library=lega-pic30-elf \
  --library=m-elf \
  --library=lega-c-elf \
  -end-group \

Archive member included because of file (symbol)

c:/program files (x86)/microchip/xc16/v1.33/bin/bin/../../lib\liblega-pic30-elf.a(crt0_extendedep.o)
                              (__resetPRI)
c:/program files (x86)/microchip/xc16/v1.33/bin/bin/../../lib\liblega-pic30-elf.a(data_init_extended.o)
                              c:/program files (x86)/microchip/xc16/v1.33/bin/bin/../../lib\liblega-pic30-elf.a(crt0_extendedep.o) (__data_init_extended)
c:/program files (x86)/microchip/xc16/v1.33/bin/bin/../../lib\liblega-pic30-elf.a(crt_start_mode_normalep.Leo)
                              (__crt_start_mode_normal)
c:/program files (x86)/microchip/xc16/v1.33/bin/bin/../../lib\liblega-pic30-elf.a(delay32ep.Leo)
                              build/default/production/mcc_generated_files/delay.o (___delay32)
c:/program files (x86)/microchip/xc16/v1.33/bin/bin/../../lib\libm-elf.a(addsf3.epeo)
                              build/default/production/uart_api.o (___addsf3)
c:/program files (x86)/microchip/xc16/v1.33/bin/bin/../../lib\libm-elf.a(divsf3.epeo)
                              build/default/production/uart_api.o (___divsf3)
c:/program files (x86)/microchip/xc16/v1.33/bin/bin/../../lib\libm-elf.a(floatunsisf.epeo)
                              build/default/production/uart_api.o (___floatunsisf)
c:/program files (x86)/microchip/xc16/v1.33/bin/bin/../../lib\libm-elf.a(fpack.epeo)
                              c:/program files (x86)/microchip/xc16/v1.33/bin/bin/../../lib\libm-elf.a(addsf3.epeo) (__fpack)
c:/program files (x86)/microchip/xc16/v1.33/bin/bin/../../lib\libm-elf.a(funpack2.epeo)
[...]
Memory Configuration

Name             Origin             Length             Attributes
data             0x001000           0x004000           a !xr
reset            0x000000           0x000004  
ivt              0x000004           0x0001fc  
program          0x000200           0x0153ec           xr
FICD             0x0155f0           0x000002  
FPOR             0x0155f2           0x000002  
FWDT             0x0155f4           0x000002  
FOSC             0x0155f6           0x000002  
FOSCSEL          0x0155f8           0x000002  
FGS              0x0155fa           0x000002  
FUID0            0x800ff8           0x000002  
FUID1            0x800ffa           0x000002  
FUID2            0x800ffc           0x000002  
FUID3            0x800ffe           0x000002  
*default*        0x000000           0xffffffff  
aivt             0x000000           0xffffffff  

Linker script and memory map

LOAD build/default/production/mcc_generated_files/spi2.o
LOAD build/default/production/mcc_generated_files/system.o
LOAD build/default/production/mcc_generated_files/pwm.o
LOAD build/default/production/mcc_generated_files/traps.o
LOAD build/default/production/mcc_generated_files/mcc.o
LOAD build/default/production/mcc_generated_files/clock.o
LOAD build/default/production/mcc_generated_files/interrupt_manager.o
LOAD build/default/production/mcc_generated_files/adc1.o
LOAD build/default/production/mcc_generated_files/adc2.o
LOAD build/default/production/mcc_generated_files/uart4.o
LOAD build/default/production/mcc_generated_files/uart3.o
LOAD build/default/production/mcc_generated_files/uart2.o
LOAD build/default/production/mcc_generated_files/uart1.o
LOAD build/default/production/mcc_generated_files/pin_manager.o
LOAD build/default/production/mcc_generated_files/reset.o
LOAD build/default/production/mcc_generated_files/tmr2.o
LOAD build/default/production/mcc_generated_files/delay.o
LOAD build/default/production/mcc_generated_files/tmr3.o
LOAD build/default/production/mcc_generated_files/ext_int.o
LOAD build/default/production/main.o
LOAD build/default/production/led_control.o
LOAD build/default/production/app.o
LOAD build/default/production/function_api.o
LOAD build/default/production/timer_api.o
LOAD build/default/production/uart_api.o
LOAD build/default/production/relay_control.o
LOAD build/default/production/engineer_mode.o
LOAD build/default/production/power_meter.o
                    0x0001                  __MPLAB_BUILD = 0x1
LOAD c:/program files (x86)/microchip/xc16/v1.33/bin/bin/../../lib/dsPIC33E\libp33EP128GM604-elf.a
LOAD c:/program files (x86)/microchip/xc16/v1.33/bin/bin/../../lib\libfx-elf.a
                    0x155f0                  __FICD = 0x155f0
                    0x155f2                  __FPOR = 0x155f2
                    0x155f4                  __FWDT = 0x155f4
                    0x155f6                  __FOSC = 0x155f6
                    0x155f8                  __FOSCSEL = 0x155f8
                    0x155fa                  __FGS = 0x155fa
                    0x800ff8                  __FUID0 = 0x800ff8
                    0x800ffa                  __FUID1 = 0x800ffa
                    0x800ffc                  __FUID2 = 0x800ffc
                    0x800ffe                  __FUID3 = 0x800ffe
                    0x0200                  __CODE_BASE = 0x200
                    0x153ec                  __CODE_LENGTH = 0x153ec
                    0x0004                  __IVT_BASE = 0x4
                    0x1000                  __DATA_BASE = 0x1000
                    0x4000                  __DATA_LENGTH = 0x4000
                    0x3000                  __YDATA_BASE = 0x3000

.reset            0x000000          0x4
                  0x000000          0x2 SHORT 0x200 ABSOLUTE (__reset)
                  0x000001          0x2 SHORT 0x4
                  0x000002          0x2 SHORT 0x0 ((ABSOLUTE (__reset) >> 0x10) & 0x7f)
                  0x000003          0x2 SHORT 0x0

.text             0x000200       0x3100
 *(.init)
 .init            0x000200         0x48 c:/program files (x86)/microchip/xc16/v1.33/bin/bin/../../lib\liblega-pic30-elf.a(crt0_extendedep.o)
                  0x000200                  __resetPRI
                  0x000200                  __reset
                  0x00023c                  __psv_init
 .init            0x000248         0xb2 c:/program files (x86)/microchip/xc16/v1.33/bin/bin/../../lib\liblega-pic30-elf.a(data_init_extended.o)
                  0x000248                  __data_init
                  0x000248                  __data_init_extended
 *(.user_init)
 *(.handle)
 .handle          0x0002fa         0x44 jump_table
 *(.isr*)
 .isrerror_handler
                  0x00033e         0xee build/default/production/mcc_generated_files/traps.o
                  0x00033e                  __OscillatorFail
                  0x00035e                  __StackError
                  0x000380                  __AddressError
                  0x0003a0                  __MathError
                  0x0003c0                  __DMACError
                  0x0003e0                  __HardTrapError
                  0x000400                  __SoftTrapError
 .isr.text        0x00042c         0x42 build/default/production/mcc_generated_files/adc1.o
                  0x00042c                  __AD1Interrupt
 .isr.text        0x00046e         0x42 build/default/production/mcc_generated_files/adc2.o
                  0x00046e                  __AD2Interrupt
 .isr.text        0x0004b0         0xe4 build/default/production/mcc_generated_files/uart4.o
                  0x0004b0                  __U4TXInterrupt
                  0x000512                  __U4RXInterrupt
                  0x00057e                  __U4ErrInterrupt
 .isr.text        0x000594         0xe4 build/default/production/mcc_generated_files/uart3.o
                  0x000594                  __U3TXInterrupt
                  0x0005f6                  __U3RXInterrupt
                  0x000662                  __U3ErrInterrupt
 .isr.text        0x000678         0xe4 build/default/production/mcc_generated_files/uart2.o
                  0x000678                  __U2TXInterrupt
                  0x0006da                  __U2RXInterrupt
                  0x000746                  __U2ErrInterrupt
 .isr.text        0x00075c         0xe4 build/default/production/mcc_generated_files/uart1.o
                  0x00075c                  __U1TXInterrupt
                  0x0007be                  __U1RXInterrupt
                  0x00082a                  __U1ErrInterrupt
 .isr.text        0x000840         0x46 build/default/production/mcc_generated_files/tmr2.o
                  0x000840                  __T2Interrupt
 .isr.text        0x000886         0x36 build/default/production/mcc_generated_files/tmr3.o
                  0x000886                  __T3Interrupt
 .isr.text        0x0008bc         0x1e build/default/production/mcc_generated_files/ext_int.o
                  0x0008bc                  __INT1Interrupt
 .isr             0x0008da          0x4 default_isr
                  0x0008da                  __DefaultInterrupt
 *(.libc)
 .libc            0x0008de         0x12 c:/program files (x86)/microchip/xc16/v1.33/bin/bin/../../lib\liblega-pic30-elf.a(closeep.Leo)
                  0x0008de                  _close
 .libc            0x0008f0         0x12 c:/program files (x86)/microchip/xc16/v1.33/bin/bin/../../lib\liblega-pic30-elf.a(removeep.Leo)
                  0x0008f0                  _remove
 .libc            0x000902         0x28 c:/program files (x86)/microchip/xc16/v1.33/bin/bin/../../lib\liblega-pic30-elf.a(sbrkep.Leo)
                  0x000902                  _sbrk
 .libc            0x00092a         0x1a c:/program files (x86)/microchip/xc16/v1.33/bin/bin/../../lib\liblega-pic30-elf.a(brkep.Lelo)
                  0x00092a                  _brk
 *(.libm)
 *(.libdsp)
 *(.lib*)
 .libc.write      0x000944         0x38 build/default/production/mcc_generated_files/uart1.o
                  0x000944                  _write
 .libpic30_crt_start_mode
                  0x00097c          0x2 c:/program files (x86)/microchip/xc16/v1.33/bin/bin/../../lib\liblega-pic30-elf.a(crt_start_mode_normalep.Leo)
                  0x00097c                  __crt_start_mode
                  0x00097c                  __crt_start_mode_normal
 .libm.subsf3     0x00097e         0xbc c:/program files (x86)/microchip/xc16/v1.33/bin/bin/../../lib\libm-elf.a(addsf3.epeo)
                  0x00097e                  ___subsf3
                  0x000980                  ___addsf3
 .libm.divfs3     0x000a3a         0x84 c:/program files (x86)/microchip/xc16/v1.33/bin/bin/../../lib\libm-elf.a(divsf3.epeo)
                  0x000a3a                  ___divsf3
 .libm.floatunsisf
                  0x000abe          0x4 c:/program files (x86)/microchip/xc16/v1.33/bin/bin/../../lib\libm-elf.a(floatunsisf.epeo)
                  0x000abe                  ___floatunsisf
 .libm.fpack      0x000ac2         0x4c c:/program files (x86)/microchip/xc16/v1.33/bin/bin/../../lib\libm-elf.a(fpack.epeo)
                  0x000ac2                  __fpack
 .libm.funpack2
                  0x000b0e         0x10 c:/program files (x86)/microchip/xc16/v1.33/bin/bin/../../lib\libm-elf.a(funpack2.epeo)
                  0x000b0e                  __funpack2
 .libm.fPropagateNaN
                  0x000b1e         0x12 c:/program files (x86)/microchip/xc16/v1.33/bin/bin/../../lib\libm-elf.a(futil.epeo)
                  0x000b1e                  __fPropagateNaN
 .libm.fbobExit
                  0x000b30          0x8 c:/program files (x86)/microchip/xc16/v1.33/bin/bin/../../lib\libm-elf.a(futil.epeo)
                  0x000b30                  __fbopExit
 .libm.fbopReturnNaN
                  0x000b38          0x6 c:/program files (x86)/microchip/xc16/v1.33/bin/bin/../../lib\libm-elf.a(futil.epeo)
                  0x000b38                  __fbopReturnNaN
 .libm.mulsf3     0x000b3e         0x68 c:/program files (x86)/microchip/xc16/v1.33/bin/bin/../../lib\libm-elf.a(mulsf3.epeo)
                  0x000b3e                  ___mulsf3
 .libm.udivsi3    0x000ba6         0x20 c:/program files (x86)/microchip/xc16/v1.33/bin/bin/../../lib\libm-elf.a(udivsi3.epeo)
                  0x000ba6                  ___udivsi3
 .libm.umodsi3    0x000bc6          0x6 c:/program files (x86)/microchip/xc16/v1.33/bin/bin/../../lib\libm-elf.a(umodsi3.epeo)
                  0x000bc6                  ___umodsi3
 .libm.floatundisf
                  0x000bcc         0x5e c:/program files (x86)/microchip/xc16/v1.33/bin/bin/../../lib\libm-elf.a(floatundisf.epeo)
                  0x000bcc                  ___floatundisf
 .libm.funpack    0x000c2a         0x2a c:/program files (x86)/microchip/xc16/v1.33/bin/bin/../../lib\libm-elf.a(funpack.epeo)
                  0x000c2a                  __funpack
 .libc.memcpy     0x000c54          0xe c:/program files (x86)/microchip/xc16/v1.33/bin/bin/../../lib\liblega-c-elf.a(memcpy.EP_eo)
                  0x000c54                  _memcpy
 .libc.memset     0x000c62          0xe c:/program files (x86)/microchip/xc16/v1.33/bin/bin/../../lib\liblega-c-elf.a(memset.EP_eo)
                  0x000c62                  _memset
 .libc.puts       0x000c70         0x16 c:/program files (x86)/microchip/xc16/v1.33/bin/bin/../../lib\liblega-c-elf.a(puts.EP_eo)
                  0x000c70                  _puts
 .libc.strlen     0x000c86          0xc c:/program files (x86)/microchip/xc16/v1.33/bin/bin/../../lib\liblega-c-elf.a(strlen.EP_eo)
                  0x000c86                  _strlen
 .libc.prout      0x000c92         0x1c c:/program files (x86)/microchip/xc16/v1.33/bin/bin/../../lib\liblega-c-elf.a(printf.EP_eo)
                  0x000c92                  printf.EP_eo:_prout
 .libc.printf     0x000cae         0x10 c:/program files (x86)/microchip/xc16/v1.33/bin/bin/../../lib\liblega-c-elf.a(printf.EP_eo)
                  0x000cae                  _printf
 .libc._Printf    0x000cbe        0x164 c:/program files (x86)/microchip/xc16/v1.33/bin/bin/../../lib\liblega-c-elf.a(xprintf.EP_eo)
                  0x000cbe                  __Printf
 .libc._Putfld    0x000e22        0x308 c:/program files (x86)/microchip/xc16/v1.33/bin/bin/../../lib\liblega-c-elf.a(xputfld.EP_eo)
                  0x000e22                  __Putfld
 .libc.fputc      0x00112a         0x4c c:/program files (x86)/microchip/xc16/v1.33/bin/bin/../../lib\liblega-c-elf.a(fputc.EP_elo)
                  0x00112a                  _fputc
 .libc.strchr     0x001176         0x1a c:/program files (x86)/microchip/xc16/v1.33/bin/bin/../../lib\liblega-c-elf.a(strchr.EP_elo)
                  0x001176                  _strchr
 .libc._Vacopy    0x001190          0x4 c:/program files (x86)/microchip/xc16/v1.33/bin/bin/../../lib\liblega-c-elf.a(xvacopy.EP_elo)
                  0x001190                  __Vacopy
 .libc.prout      0x001194         0x1c c:/program files (x86)/microchip/xc16/v1.33/bin/bin/../../lib\liblega-c-elf.a(printf_cdfFnopuxX.EPeo)
                  0x001194                  printf_cdfFnopuxX.EPeo:_prout
 .libc._printf_cdfFnopuxX
                  0x0011b0         0x10 c:/program files (x86)/microchip/xc16/v1.33/bin/bin/../../lib\liblega-c-elf.a(printf_cdfFnopuxX.EPeo)
                  0x0011b0                  __printf_fF
                  0x0011b0                  __printf_cdnopuxX
                  0x0011b0                  __printf_cdfFnopuxX
 .libc.prout      0x0011c0          0xe c:/program files (x86)/microchip/xc16/v1.33/bin/bin/../../lib\liblega-c-elf.a(sprintf_cdfFnopuxX.EPeo)
                  0x0011c0                  sprintf_cdfFnopuxX.EPeo:_prout
 .libc._sprintf_cdfFnopuxX
                  0x0011ce         0x1e c:/program files (x86)/microchip/xc16/v1.33/bin/bin/../../lib\liblega-c-elf.a(sprintf_cdfFnopuxX.EPeo)
                  0x0011ce                  __sprintf_cdfFnopuxX
 .libc.__Printf_cdfFnopuxX
                  0x0011ec        0x164 c:/program files (x86)/microchip/xc16/v1.33/bin/bin/../../lib\liblega-c-elf.a(xprintf_cdfFnopuxX.EPeo)
                  0x0011ec                  ___Printf_cdfFnopuxX
                  0x0011ec                  ___Printf_cdnopuxX
                  0x0011ec                  ___Printf_fF
 .libc.__Putfld_cdfFnopuxX
                  0x001350        0x2d4 c:/program files (x86)/microchip/xc16/v1.33/bin/bin/../../lib\liblega-c-elf.a(xputfld_cdfFnopuxX.EPeo)
                  0x001350                  ___Putfld_cdnopuxX
                  0x001350                  ___Putfld_cdfFnopuxX
                  0x001350                  ___Putfld_fF
 .libc.__Ldtob_cdfFnopuxX
                  0x001624        0x25c c:/program files (x86)/microchip/xc16/v1.33/bin/bin/../../lib\liblega-c-elf.a(xldtob_cdfFnopuxX.EPeo)
                  0x001624                  ___Ldtob_fF
                  0x001624                  ___Ldtob_cdfFnopuxX
 .libc.__Genld_cdfFnopuxX
                  0x001880        0x214 c:/program files (x86)/microchip/xc16/v1.33/bin/bin/../../lib\liblega-c-elf.a(xgenld_cdfFnopuxX.EPeo)
                  0x001880                  ___Genld_fF
                  0x001880                  ___Genld_cdfFnopuxX
 .libc.div        0x001a94         0x16 c:/program files (x86)/microchip/xc16/v1.33/bin/bin/../../lib\liblega-c-elf.a(div.EP_eo)
                  0x001a94                  _div
 .libc._DNKfflush
                  0x001aaa         0x76 c:/program files (x86)/microchip/xc16/v1.33/bin/bin/../../lib\liblega-c-elf.a(fflush.EP_eo)
                  0x001aaa                  __DNKfflush
 .libc.fputs      0x001b20         0x90 c:/program files (x86)/microchip/xc16/v1.33/bin/bin/../../lib\liblega-c-elf.a(fputs.EP_eo)
                  0x001b20                  _fputs
 .libc.fwrite     0x001bb0         0xa8 c:/program files (x86)/microchip/xc16/v1.33/bin/bin/../../lib\liblega-c-elf.a(fwrite.EP_eo)
                  0x001bb0                  _fwrite
 .libc.ldiv       0x001c58         0x2a c:/program files (x86)/microchip/xc16/v1.33/bin/bin/../../lib\liblega-c-elf.a(ldiv.EP_eo)
                  0x001c58                  _ldiv
 .libc.memchr     0x001c82         0x14 c:/program files (x86)/microchip/xc16/v1.33/bin/bin/../../lib\liblega-c-elf.a(memchr.EP_eo)
                  0x001c82                  _memchr
 .libc.strrchr    0x001c96         0x14 c:/program files (x86)/microchip/xc16/v1.33/bin/bin/../../lib\liblega-c-elf.a(strrchr.EP_eo)
                  0x001c96                  _strrchr
 .libc._Fwprep    0x001caa         0x8e c:/program files (x86)/microchip/xc16/v1.33/bin/bin/../../lib\liblega-c-elf.a(xfwprep.EP_eo)
                  0x001caa                  __Fwprep
 .libc._Ldtob     0x001d38        0x402 c:/program files (x86)/microchip/xc16/v1.33/bin/bin/../../lib\liblega-c-elf.a(xldtob.EP_eo)
                  0x001d38                  __Ldtob
 .libc._LDunscale
                  0x00213a         0x54 c:/program files (x86)/microchip/xc16/v1.33/bin/bin/../../lib\liblega-c-elf.a(xldunsca.EP_eo)
                  0x00213a                  __LDunscale
 .libc._Litob     0x00218e        0x27a c:/program files (x86)/microchip/xc16/v1.33/bin/bin/../../lib\liblega-c-elf.a(xlitob.EP_eo)
                  0x00218e                  __Litob
 .libc._Puttxt    0x002408        0x178 c:/program files (x86)/microchip/xc16/v1.33/bin/bin/../../lib\liblega-c-elf.a(xputtxt.EP_eo)
                  0x002408                  __Puttxt
 .libc.closeallreg
                  0x002580          0x4 c:/program files (x86)/microchip/xc16/v1.33/bin/bin/../../lib\liblega-c-elf.a(fclose.EP_elo)
 .libc._Closreg
                  0x002584         0x12 c:/program files (x86)/microchip/xc16/v1.33/bin/bin/../../lib\liblega-c-elf.a(fclose.EP_elo)
                  0x002584                  __Closreg
 .libc.fclose     0x002596         0x90 c:/program files (x86)/microchip/xc16/v1.33/bin/bin/../../lib\liblega-c-elf.a(fclose.EP_elo)
                  0x002596                  _fclose
 .libc.closeall
                  0x002626         0x22 c:/program files (x86)/microchip/xc16/v1.33/bin/bin/../../lib\liblega-c-elf.a(fclose.EP_elo)
                  0x002626                  fclose.EP_elo:_closeall
 .libc._Atexit    0x002648         0x1a c:/program files (x86)/microchip/xc16/v1.33/bin/bin/../../lib\liblega-c-elf.a(xatexit.EP_elo)
                  0x002648                  __Atexit
 .libc._Dnorm     0x002662         0x98 c:/program files (x86)/microchip/xc16/v1.33/bin/bin/../../lib\liblega-c-elf.a(xdnorm.EP_elo)
                  0x002662                  __Dnorm
 .libc._LDscale
                  0x0026fa         0xf6 c:/program files (x86)/microchip/xc16/v1.33/bin/bin/../../lib\liblega-c-elf.a(xldscale.EP_elo)
                  0x0026fa                  __LDscale
 .libc.free       0x0027f0         0x64 c:/program files (x86)/microchip/xc16/v1.33/bin/bin/../../lib\liblega-c-elf.a(free.EP_eo)
                  0x0027f0                  _free
 .libc.findmem    0x002854         0x66 c:/program files (x86)/microchip/xc16/v1.33/bin/bin/../../lib\liblega-c-elf.a(malloc.EP_eo)
 .libc.malloc     0x0028ba         0x54 c:/program files (x86)/microchip/xc16/v1.33/bin/bin/../../lib\liblega-c-elf.a(malloc.EP_eo)
                  0x0028ba                  _malloc
 .libc._Genld     0x00290e        0x270 c:/program files (x86)/microchip/xc16/v1.33/bin/bin/../../lib\liblega-c-elf.a(xgenld.EP_eo)
                  0x00290e                  __Genld
 .libc._Getmem    0x002b7e         0x14 c:/program files (x86)/microchip/xc16/v1.33/bin/bin/../../lib\liblega-c-elf.a(xgetmem.EP_eo)
                  0x002b7e                  __Getmem
 .libc.doclose    0x002b92          0x4 c:/program files (x86)/microchip/xc16/v1.33/bin/bin/../../lib\liblega-pic30-elf.a(closeep.Leo)
 .libc.doremove
                  0x002b96          0x4 c:/program files (x86)/microchip/xc16/v1.33/bin/bin/../../lib\liblega-pic30-elf.a(removeep.Leo)
 .libm.eqdf2      0x002b9a          0xa c:/program files (x86)/microchip/xc16/v1.33/bin/bin/../../lib\libm-elf.a(deqltle.epeo)
                  0x002b9a                  ___eqdf2
                  0x002b9a                  ___ltdf2
                  0x002b9a                  ___ledf2
 .libm.gtdf2      0x002ba4          0xa c:/program files (x86)/microchip/xc16/v1.33/bin/bin/../../lib\libm-elf.a(dgtge.epeo)
                  0x002ba4                  ___gtdf2
                  0x002ba4                  ___gedf2
 .libm.divdf3     0x002bae         0xb4 c:/program files (x86)/microchip/xc16/v1.33/bin/bin/../../lib\libm-elf.a(divdf3.epeo)
                  0x002bae                  ___divdf3
 .libm.divsi3     0x002c62         0x1e c:/program files (x86)/microchip/xc16/v1.33/bin/bin/../../lib\libm-elf.a(divsi3.epeo)
                  0x002c62                  ___divsi3
 .libm.dpack      0x002c80         0x58 c:/program files (x86)/microchip/xc16/v1.33/bin/bin/../../lib\libm-elf.a(dpack.epeo)
                  0x002c80                  __dpack
 .libm.dunpack2
                  0x002cd8         0x32 c:/program files (x86)/microchip/xc16/v1.33/bin/bin/../../lib\libm-elf.a(dunpack2.epeo)
                  0x002cd8                  __dunpack2
                  0x002cfa                  __dreturnNaN
                  0x002d00                  __dunpack2exit
 .libm.extendsfdf2
                  0x002d0a         0x3e c:/program files (x86)/microchip/xc16/v1.33/bin/bin/../../lib\libm-elf.a(extendsfdf.epeo)
                  0x002d0a                  ___extendsfdf2
 .libm.fixdfsi    0x002d48         0x58 c:/program files (x86)/microchip/xc16/v1.33/bin/bin/../../lib\libm-elf.a(fixdfsi.epeo)
                  0x002d48                  _(float, int, long long, double, float, short, int)
 .libm.floatsidf
                  0x002da0          0x6 c:/program files (x86)/microchip/xc16/v1.33/bin/bin/../../lib\libm-elf.a(floatsidf.epeo)
                  0x002da0                  ___floatsidf
 *fill*           0x002da6          0x400
 .libm.muldf3     0x002da8         0xec c:/program files (x86)/microchip/xc16/v1.33/bin/bin/../../lib\libm-elf.a(muldf3.epeo)
                  0x002da8                  ___muldf3
 .libm.subdf3     0x002e94          0x4 c:/program files (x86)/microchip/xc16/v1.33/bin/bin/../../lib\libm-elf.a(subdf3.epeo)
                  0x002e94                  ___subdf3
 .libm.mulsi3     0x002e98          0xc c:/program files (x86)/microchip/xc16/v1.33/bin/bin/../../lib\libm-elf.a(mulsi3.epeo)
                  0x002e98                  ___mulp32peds3
                  0x002e98                  ___mulsi3
                  0x002e98                  ___mulp32eds3
 .libm.__PplusBdi
                  0x002ea4         0x26 c:/program files (x86)/microchip/xc16/v1.33/bin/bin/../../lib\libm-elf.a(divmoddi3.epeo)
 .libm.__PminusBdi
                  0x002eca         0x2a c:/program files (x86)/microchip/xc16/v1.33/bin/bin/../../lib\libm-elf.a(divmoddi3.epeo)
 .libm.__udivmoddi3
                  0x002ef4         0xe6 c:/program files (x86)/microchip/xc16/v1.33/bin/bin/../../lib\libm-elf.a(divmoddi3.epeo)
                  0x002ef4                  ___udivmoddi3
 .libm.__udivdi3
                  0x002fda          0xe c:/program files (x86)/microchip/xc16/v1.33/bin/bin/../../lib\libm-elf.a(divmoddi3.epeo)
                  0x002fda                  ___udivdi3
 .libm.__umoddi3
                  0x002fe8          0x8 c:/program files (x86)/microchip/xc16/v1.33/bin/bin/../../lib\libm-elf.a(divmoddi3.epeo)
                  0x002fe8                  ___umoddi3
 .libm.__divdi3
                  0x002ff0         0x60 c:/program files (x86)/microchip/xc16/v1.33/bin/bin/../../lib\libm-elf.a(divmoddi3.epeo)
                  0x002ff0                  ___divdi3
 .libm.__moddi3
                  0x003050         0x5c c:/program files (x86)/microchip/xc16/v1.33/bin/bin/../../lib\libm-elf.a(divmoddi3.epeo)
                  0x003050                  ___moddi3
 .libm.adddf3     0x0030ac         0xfc c:/program files (x86)/microchip/xc16/v1.33/bin/bin/../../lib\libm-elf.a(adddf3.epeo)
                  0x0030ac                  ___adddf3
 .libm.dcompare
                  0x0031a8         0x52 c:/program files (x86)/microchip/xc16/v1.33/bin/bin/../../lib\libm-elf.a(dcompare.epeo)
                  0x0031a8                  __dcompare
 .libm.dPropagateNaN
                  0x0031fa         0x1e c:/program files (x86)/microchip/xc16/v1.33/bin/bin/../../lib\libm-elf.a(dpropagateNaN.epeo)
                  0x0031fa                  __dPropagateNaN
 .libm.dtype      0x003218         0x24 c:/program files (x86)/microchip/xc16/v1.33/bin/bin/../../lib\libm-elf.a(dtype.epeo)
                  0x003218                  __dtype
 .libm.dunpack    0x00323c         0x4e c:/program files (x86)/microchip/xc16/v1.33/bin/bin/../../lib\libm-elf.a(dunpack.epeo)
                  0x00323c                  __dunpack
 .libm.floatdidf
                  0x00328a         0x20 c:/program files (x86)/microchip/xc16/v1.33/bin/bin/../../lib\libm-elf.a(floatdidf.epeo)
                  0x00328a                  ___floatdidf
 .libm.floatundidf
                  0x0032aa         0x56 c:/program files (x86)/microchip/xc16/v1.33/bin/bin/../../lib\libm-elf.a(floatundidf.epeo)
                  0x0032aa                  ___floatundidf

usercode
 *(usercode)

__FICD
 *(__FICD.sec*)

__FPOR
 *(__FPOR.sec*)

__FWDT
 *(__FWDT.sec*)

__FOSC
 *(__FOSC.sec*)

__FOSCSEL
 *(__FOSCSEL.sec*)

__FGS             0x0155fa          0x2
 *(__FGS.sec*)
 __FGS.sec        0x0155fa          0x2 FGS
                  0x0155fa                  __FGS.sec

__FUID0
 *(__FUID0.sec*)

__FUID1
 *(__FUID1.sec*)

__FUID2
 *(__FUID2.sec*)

__FUID3
 *(__FUID3.sec*)

.comment          0x000000         0x5e
 *(.comment)
 .comment         0x000000         0x5e c:/program files (x86)/microchip/xc16/v1.33/bin/bin/../../lib\liblega-c-elf.a(xfiles.EP_eo)

.debug_info       0x000000      0x3a188
 *(.debug_info)
 .debug_info      0x000000        0x938 build/default/production/mcc_generated_files/spi2.o
 .debug_info      0x000938       0x4881 build/default/production/mcc_generated_files/system.o
 .debug_info      0x0051b9       0x32c4 build/default/production/mcc_generated_files/pwm.o
 .debug_info      0x00847d        0x5f6 build/default/production/mcc_generated_files/traps.o
 .debug_info      0x008a73        0x44c build/default/production/mcc_generated_files/clock.o
 .debug_info      0x008ebf        0xfc3 build/default/production/mcc_generated_files/interrupt_manager.o
 .debug_info      0x009e82       0x10ad build/default/production/mcc_generated_files/adc1.o
 .debug_info      0x00af2f       0x1124 build/default/production/mcc_generated_files/adc2.o
 .debug_info      0x00c053        0xf5e build/default/production/mcc_generated_files/uart4.o
 .debug_info      0x00cfb1        0xf5e build/default/production/mcc_generated_files/uart3.o
 .debug_info      0x00df0f       0x1124 build/default/production/mcc_generated_files/uart2.o
 .debug_info      0x00f033       0x1164 build/default/production/mcc_generated_files/uart1.o
 .debug_info      0x010197       0x14ff build/default/production/mcc_generated_files/pin_manager.o
 .debug_info      0x011696        0x4b1 build/default/production/mcc_generated_files/reset.o
 .debug_info      0x011b47        0x8dc build/default/production/mcc_generated_files/tmr2.o
 .debug_info      0x012423        0x1d5 build/default/production/mcc_generated_files/delay.o
 .debug_info      0x0125f8        0x8a5 build/default/production/mcc_generated_files/tmr3.o
 .debug_info      0x012e9d       0x3e38 build/default/production/mcc_generated_files/ext_int.o
 .debug_info      0x016cd5       0x39ab build/default/production/main.o
 .debug_info      0x01a680       0x3bbc build/default/production/led_control.o
 .debug_info      0x01e23c       0x4699 build/default/production/app.o
 .debug_info      0x0228d5       0x3ad9 build/default/production/function_api.o
 .debug_info      0x0263ae       0x3fa7 build/default/production/timer_api.o
 .debug_info      0x02a355       0x4679 build/default/production/uart_api.o
 .debug_info      0x02e9ce       0x3ab1 build/default/production/relay_control.o
 .debug_info      0x03247f       0x3fdb build/default/production/engineer_mode.o
 .debug_info      0x03645a       0x3d2e build/default/production/power_meter.o
 *(.gnu.linkonce.wi.*)

.debug_abbrev     0x000000       0x2507
 *(.debug_abbrev)
 .debug_abbrev    0x000000        0x158 build/default/production/mcc_generated_files/spi2.o
 .debug_abbrev    0x000158        0x13a build/default/production/mcc_generated_files/system.o
 .debug_abbrev    0x000292         0xef build/default/production/mcc_generated_files/pwm.o
 .debug_abbrev    0x000381        0x10d build/default/production/mcc_generated_files/traps.o
 .debug_abbrev    0x00048e          0x1 build/default/production/mcc_generated_files/mcc.o
 .debug_abbrev    0x00048f         0xc5 build/default/production/mcc_generated_files/clock.o
 .debug_abbrev    0x000554         0xb4 build/default/production/mcc_generated_files/interrupt_manager.o
 .debug_abbrev    0x000608        0x111 build/default/production/mcc_generated_files/adc1.o
 .debug_abbrev    0x000719        0x111 build/default/production/mcc_generated_files/adc2.o
 .debug_abbrev    0x00082a        0x21c build/default/production/mcc_generated_files/uart4.o
 .debug_abbrev    0x000a46        0x21c build/default/production/mcc_generated_files/uart3.o
 .debug_abbrev    0x000c62        0x21c build/default/production/mcc_generated_files/uart2.o
 .debug_abbrev    0x000e7e        0x223 build/default/production/mcc_generated_files/uart1.o
 .debug_abbrev    0x0010a1         0xc5 build/default/production/mcc_generated_files/pin_manager.o
 .debug_abbrev    0x001166         0xf6 build/default/production/mcc_generated_files/reset.o
 .debug_abbrev    0x00125c        0x18f build/default/production/mcc_generated_files/tmr2.o
 .debug_abbrev    0x0013eb         0x67 build/default/production/mcc_generated_files/delay.o
 .debug_abbrev    0x001452        0x18d build/default/production/mcc_generated_files/tmr3.o
 .debug_abbrev    0x0015df        0x12a build/default/production/mcc_generated_files/ext_int.o
 .debug_abbrev    0x001709        0x100 build/default/production/main.o
 .debug_abbrev    0x001809        0x140 build/default/production/led_control.o
 .debug_abbrev    0x001949        0x25c build/default/production/app.o
 .debug_abbrev    0x001ba5        0x146 build/default/production/function_api.o
 .debug_abbrev    0x001ceb        0x15f build/default/production/timer_api.o
 .debug_abbrev    0x001e4a        0x26e build/default/production/uart_api.o
 .debug_abbrev    0x0020b8        0x136 build/default/production/relay_control.o
 .debug_abbrev    0x0021ee        0x17f build/default/production/engineer_mode.o
 .debug_abbrev    0x00236d        0x19a build/default/production/power_meter.o

.debug_line       0x000000       0x2a18
 *(.debug_line)
 .debug_line      0x000000        0x151 build/default/production/mcc_generated_files/spi2.o
 .debug_line      0x000151        0x153 build/default/production/mcc_generated_files/system.o
 .debug_line      0x0002a4        0x18d build/default/production/mcc_generated_files/pwm.o
 .debug_line      0x000431        0x142 build/default/production/mcc_generated_files/traps.o
 .debug_line      0x000573         0x1a build/default/production/mcc_generated_files/mcc.o
 .debug_line      0x00058d        0x10c build/default/production/mcc_generated_files/clock.o
 .debug_line      0x000699        0x11c build/default/production/mcc_generated_files/interrupt_manager.o
 .debug_line      0x0007b5        0x122 build/default/production/mcc_generated_files/adc1.o
 .debug_line      0x0008d7        0x122 build/default/production/mcc_generated_files/adc2.o
 .debug_line      0x0009f9        0x1f0 build/default/production/mcc_generated_files/uart4.o
 .debug_line      0x000be9        0x1e8 build/default/production/mcc_generated_files/uart3.o
 .debug_line      0x000dd1        0x1f0 build/default/production/mcc_generated_files/uart2.o
 .debug_line      0x000fc1        0x20b build/default/production/mcc_generated_files/uart1.o
 .debug_line      0x0011cc        0x129 build/default/production/mcc_generated_files/pin_manager.o
 .debug_line      0x0012f5        0x14b build/default/production/mcc_generated_files/reset.o
 .debug_line      0x001440        0x14b build/default/production/mcc_generated_files/tmr2.o
 .debug_line      0x00158b         0xac build/default/production/mcc_generated_files/delay.o
 .debug_line      0x001637        0x149 build/default/production/mcc_generated_files/tmr3.o
 .debug_line      0x001780        0x13d build/default/production/mcc_generated_files/ext_int.o
 .debug_line      0x0018bd        0x135 build/default/production/main.o
 .debug_line      0x0019f2        0x54c build/default/production/led_control.o
 .debug_line      0x001f3e        0x2ad build/default/production/app.o
 .debug_line      0x0021eb        0x111 build/default/production/function_api.o
 .debug_line      0x0022fc        0x127 build/default/production/timer_api.o
 .debug_line      0x002423        0x212 build/default/production/uart_api.o
 .debug_line      0x002635        0x150 build/default/production/relay_control.o
 .debug_line      0x002785        0x12d build/default/production/engineer_mode.o
 .debug_line      0x0028b2        0x166 build/default/production/power_meter.o

.debug_frame      0x000000       0x2126
 *(.debug_frame)
 .debug_frame     0x000000         0xd8 build/default/production/mcc_generated_files/spi2.o
 .debug_frame     0x0000d8         0x68 build/default/production/mcc_generated_files/system.o
 .debug_frame     0x000140        0x1b8 build/default/production/mcc_generated_files/pwm.o
 .debug_frame     0x0002f8        0x20c build/default/production/mcc_generated_files/traps.o
 .debug_frame     0x000504         0x30 build/default/production/mcc_generated_files/clock.o
 .debug_frame     0x000534         0x30 build/default/production/mcc_generated_files/interrupt_manager.o
 .debug_frame     0x000564         0xac build/default/production/mcc_generated_files/adc1.o
 .debug_frame     0x000610         0xac build/default/production/mcc_generated_files/adc2.o
 .debug_frame     0x0006bc        0x33c build/default/production/mcc_generated_files/uart4.o
 .debug_frame     0x0009f8        0x33c build/default/production/mcc_generated_files/uart3.o
 .debug_frame     0x000d34        0x33c build/default/production/mcc_generated_files/uart2.o
 .debug_frame     0x001070        0x358 build/default/production/mcc_generated_files/uart1.o
 .debug_frame     0x0013c8         0x30 build/default/production/mcc_generated_files/pin_manager.o
 .debug_frame     0x0013f8        0x12c build/default/production/mcc_generated_files/reset.o
 .debug_frame     0x001524        0x1a4 build/default/production/mcc_generated_files/tmr2.o
 .debug_frame     0x0016c8         0x4c build/default/production/mcc_generated_files/delay.o
 .debug_frame     0x001714        0x1a4 build/default/production/mcc_generated_files/tmr3.o
 .debug_frame     0x0018b8         0x8c build/default/production/mcc_generated_files/ext_int.o
 .debug_frame     0x001944         0x98 build/default/production/main.o
 .debug_frame     0x0019dc         0xf4 build/default/production/led_control.o
 .debug_frame     0x001ad0        0x252 build/default/production/app.o
 .debug_frame     0x001d22         0x68 build/default/production/function_api.o
 .debug_frame     0x001d8a         0x68 build/default/production/timer_api.o
 .debug_frame     0x001df2        0x154 build/default/production/uart_api.o
 .debug_frame     0x001f46         0xd8 build/default/production/relay_control.o
 .debug_frame     0x00201e         0xa0 build/default/production/engineer_mode.o
 .debug_frame     0x0020be         0x68 build/default/production/power_meter.o

.debug_str        0x000000       0x27ee
 *(.debug_str)
 .debug_str       0x000000         0x5a build/default/production/mcc_generated_files/spi2.o
 .debug_str       0x00005a        0x39a build/default/production/mcc_generated_files/system.o
 .debug_str       0x0003f4        0x22f build/default/production/mcc_generated_files/pwm.o
 .debug_str       0x000623         0x24 build/default/production/mcc_generated_files/traps.o
 .debug_str       0x000647          0xb build/default/production/mcc_generated_files/clock.o
 .debug_str       0x000652         0x55 build/default/production/mcc_generated_files/interrupt_manager.o
 .debug_str       0x0006a7         0x87 build/default/production/mcc_generated_files/adc1.o
 .debug_str       0x00072e         0x87 build/default/production/mcc_generated_files/adc2.o
 .debug_str       0x0007b5         0xa3 build/default/production/mcc_generated_files/uart4.o
 .debug_str       0x000858         0xa3 build/default/production/mcc_generated_files/uart3.o
 .debug_str       0x0008fb         0xac build/default/production/mcc_generated_files/uart2.o
 .debug_str       0x0009a7         0xb3 build/default/production/mcc_generated_files/uart1.o
 .debug_str       0x000a5a         0x79 build/default/production/mcc_generated_files/pin_manager.o
 .debug_str       0x000ad3         0x17 build/default/production/mcc_generated_files/reset.o
 .debug_str       0x000aea         0x32 build/default/production/mcc_generated_files/tmr2.o
 .debug_str       0x000b1c         0x32 build/default/production/mcc_generated_files/tmr3.o
 .debug_str       0x000b4e        0x2cf build/default/production/mcc_generated_files/ext_int.o
 .debug_str       0x000e1d        0x2b6 build/default/production/main.o
 .debug_str       0x0010d3        0x2bf build/default/production/led_control.o
 .debug_str       0x001392        0x31d build/default/production/app.o
 .debug_str       0x0016af        0x2b6 build/default/production/function_api.o
 .debug_str       0x001965        0x2de build/default/production/timer_api.o
 .debug_str       0x001c43        0x344 build/default/production/uart_api.o
 .debug_str       0x001f87        0x2b6 build/default/production/relay_control.o
 .debug_str       0x00223d        0x2db build/default/production/engineer_mode.o
 .debug_str       0x002518        0x2d6 build/default/production/power_meter.o

.debug_loc
 *(.debug_loc)

.debug_macinfo
 *(.debug_macinfo)

.debug_pubnames
                  0x000000       0x179d
 *(.debug_pubnames)
 .debug_pubnames
                  0x000000         0xae build/default/production/mcc_generated_files/spi2.o
 .debug_pubnames
                  0x0000ae         0x28 build/default/production/mcc_generated_files/system.o
 .debug_pubnames
                  0x0000d6        0x19c build/default/production/mcc_generated_files/pwm.o
 .debug_pubnames
                  0x000272         0xa4 build/default/production/mcc_generated_files/traps.o
 .debug_pubnames
                  0x000316         0x27 build/default/production/mcc_generated_files/clock.o
 .debug_pubnames
                  0x00033d         0x2b build/default/production/mcc_generated_files/interrupt_manager.o
 .debug_pubnames
                  0x000368         0x67 build/default/production/mcc_generated_files/adc1.o
 .debug_pubnames
                  0x0003cf         0x67 build/default/production/mcc_generated_files/adc2.o
 .debug_pubnames
                  0x000436        0x284 build/default/production/mcc_generated_files/uart4.o
 .debug_pubnames
                  0x0006ba        0x284 build/default/production/mcc_generated_files/uart3.o
 .debug_pubnames
                  0x00093e        0x284 build/default/production/mcc_generated_files/uart2.o
 .debug_pubnames
                  0x000bc2        0x28e build/default/production/mcc_generated_files/uart1.o
 .debug_pubnames
                  0x000e50         0x2d build/default/production/mcc_generated_files/pin_manager.o
 .debug_pubnames
                  0x000e7d         0x54 build/default/production/mcc_generated_files/reset.o
 .debug_pubnames
                  0x000ed1        0x156 build/default/production/mcc_generated_files/tmr2.o
 .debug_pubnames
                  0x001027         0x40 build/default/production/mcc_generated_files/delay.o
 .debug_pubnames
                  0x001067        0x156 build/default/production/mcc_generated_files/tmr3.o
 .debug_pubnames
                  0x0011bd         0x51 build/default/production/mcc_generated_files/ext_int.o
 .debug_pubnames
                  0x00120e         0x1b build/default/production/main.o
 .debug_pubnames
                  0x001229         0xaa build/default/production/led_control.o
 .debug_pubnames
                  0x0012d3        0x13a build/default/production/app.o
 .debug_pubnames
                  0x00140d         0x51 build/default/production/function_api.o
 .debug_pubnames
                  0x00145e         0x6a build/default/production/timer_api.o
 .debug_pubnames
                  0x0014c8        0x148 build/default/production/uart_api.o
 .debug_pubnames
                  0x001610         0x5c build/default/production/relay_control.o
 .debug_pubnames
                  0x00166c         0xb3 build/default/production/engineer_mode.o
 .debug_pubnames
                  0x00171f         0x7e build/default/production/power_meter.o

.debug_ranges
 *(.debug_ranges)

.debug_aranges    0x000000        0x2c8
 *(.debug_aranges)
 .debug_aranges
                  0x000000         0x18 build/default/production/mcc_generated_files/spi2.o
 .debug_aranges
                  0x000018         0x18 build/default/production/mcc_generated_files/system.o
 .debug_aranges
                  0x000030         0x18 build/default/production/mcc_generated_files/pwm.o
 .debug_aranges
                  0x000048         0x50 build/default/production/mcc_generated_files/traps.o
 .debug_aranges
                  0x000098         0x18 build/default/production/mcc_generated_files/clock.o
 .debug_aranges
                  0x0000b0         0x18 build/default/production/mcc_generated_files/interrupt_manager.o
 .debug_aranges
                  0x0000c8         0x18 build/default/production/mcc_generated_files/adc1.o
 .debug_aranges
                  0x0000e0         0x18 build/default/production/mcc_generated_files/adc2.o
 .debug_aranges
                  0x0000f8         0x18 build/default/production/mcc_generated_files/uart4.o
 .debug_aranges
                  0x000110         0x18 build/default/production/mcc_generated_files/uart3.o
 .debug_aranges
                  0x000128         0x18 build/default/production/mcc_generated_files/uart2.o
 .debug_aranges
                  0x000140         0x20 build/default/production/mcc_generated_files/uart1.o
 .debug_aranges
                  0x000160         0x18 build/default/production/mcc_generated_files/pin_manager.o
 .debug_aranges
                  0x000178         0x18 build/default/production/mcc_generated_files/reset.o
 .debug_aranges
                  0x000190         0x18 build/default/production/mcc_generated_files/tmr2.o
 .debug_aranges
                  0x0001a8         0x18 build/default/production/mcc_generated_files/delay.o
 .debug_aranges
                  0x0001c0         0x18 build/default/production/mcc_generated_files/tmr3.o
 .debug_aranges
                  0x0001d8         0x18 build/default/production/mcc_generated_files/ext_int.o
 .debug_aranges
                  0x0001f0         0x18 build/default/production/main.o
 .debug_aranges
                  0x000208         0x18 build/default/production/led_control.o
 .debug_aranges
                  0x000220         0x18 build/default/production/app.o
 .debug_aranges
                  0x000238         0x18 build/default/production/function_api.o
 .debug_aranges
                  0x000250         0x18 build/default/production/timer_api.o
 .debug_aranges
                  0x000268         0x18 build/default/production/uart_api.o
 .debug_aranges
                  0x000280         0x18 build/default/production/relay_control.o
 .debug_aranges
                  0x000298         0x18 build/default/production/engineer_mode.o
 .debug_aranges
                  0x0002b0         0x18 build/default/production/power_meter.o
                    0x0000                  WREG0 = 0x0
                    0x0000                  _WREG0 = 0x0
                    0x0002                  WREG1 = 0x2
                    0x0002                  _WREG1 = 0x2
                    0x0004                  WREG2 = 0x4
                    0x0004                  _WREG2 = 0x4
                    0x0006                  WREG3 = 0x6
                    0x0006                  _WREG3 = 0x6
                    0x0008                  WREG4 = 0x8
                    0x0008                  _WREG4 = 0x8
                    0x000a                  WREG5 = 0xa
                    0x000a                  _WREG5 = 0xa
                    0x000c                  WREG6 = 0xc
                    0x000c                  _WREG6 = 0xc
                    0x000e                  WREG7 = 0xe
                    0x000e                  _WREG7 = 0xe
                    0x0010                  WREG8 = 0x10
                    0x0010                  _WREG8 = 0x10
                    0x0012                  WREG9 = 0x12
                    0x0012                  _WREG9 = 0x12
                    0x0014                  WREG10 = 0x14
                    0x0014                  _WREG10 = 0x14
                    0x0016                  WREG11 = 0x16
                    0x0016                  _WREG11 = 0x16
                    0x0018                  WREG12 = 0x18
                    0x0018                  _WREG12 = 0x18
                    0x001a                  WREG13 = 0x1a
                    0x001a                  _WREG13 = 0x1a
                    0x001c                  WREG14 = 0x1c
                    0x001c                  _WREG14 = 0x1c
                    0x001e                  WREG15 = 0x1e
                    0x001e                  _WREG15 = 0x1e
                    0x0020                  SPLIM = 0x20
                    0x0020                  _SPLIM = 0x20
                    0x0022                  ACCAL = 0x22
                    0x0022                  _ACCAL = 0x22
                    0x0024                  ACCAH = 0x24
                    0x0024                  _ACCAH = 0x24
                    0x0026                  ACCAU = 0x26
                    0x0026                  _ACCAU = 0x26
                    0x0028                  ACCBL = 0x28
                    0x0028                  _ACCBL = 0x28
                    0x002a                  ACCBH = 0x2a
                    0x002a                  _ACCBH = 0x2a
                    0x002c                  ACCBU = 0x2c
                    0x002c                  _ACCBU = 0x2c
                    0x002e                  PCL = 0x2e
                    0x002e                  _PCL = 0x2e
                    0x0030                  PCH = 0x30
                    0x0030                  _PCH = 0x30
                    0x0032                  DSRPAG = 0x32
                    0x0032                  _DSRPAG = 0x32
                    0x0032                  _DSRPAGbits = 0x32
                    0x0034                  DSWPAG = 0x34
                    0x0034                  _DSWPAG = 0x34
                    0x0034                  _DSWPAGbits = 0x34
                    0x0036                  RCOUNT = 0x36
                    0x0036                  _RCOUNT = 0x36
                    0x0038                  DCOUNT = 0x38
                    0x0038                  _DCOUNT = 0x38
                    0x003a                  DOSTARTL = 0x3a
                    0x003a                  _DOSTARTL = 0x3a
                    0x003c                  DOSTARTH = 0x3c
                    0x003c                  _DOSTARTH = 0x3c
                    0x003e                  DOENDL = 0x3e
                    0x003e                  _DOENDL = 0x3e
                    0x0040                  DOENDH = 0x40
                    0x0040                  _DOENDH = 0x40
                    0x0042                  SR = 0x42
                    0x0042                  _SR = 0x42
                    0x0042                  _SRbits = 0x42
                    0x0044                  CORCON = 0x44
                    0x0044                  _CORCON = 0x44
                    0x0044                  _CORCONbits = 0x44
                    0x0046                  MODCON = 0x46
                    0x0046                  _MODCON = 0x46
                    0x0046                  _MODCONbits = 0x46
                    0x0048                  XMODSRT = 0x48
                    0x0048                  _XMODSRT = 0x48
                    0x004a                  XMODEND = 0x4a
                    0x004a                  _XMODEND = 0x4a
                    0x004c                  YMODSRT = 0x4c
                    0x004c                  _YMODSRT = 0x4c
                    0x004e                  YMODEND = 0x4e
                    0x004e                  _YMODEND = 0x4e
                    0x0050                  XBREV = 0x50
                    0x0050                  _XBREV = 0x50
                    0x0050                  _XBREVbits = 0x50
                    0x0052                  DISICNT = 0x52
                    0x0052                  _DISICNT = 0x52
                    0x0054                  TBLPAG = 0x54
                    0x0054                  _TBLPAG = 0x54
                    0x0054                  _TBLPAGbits = 0x54
                    0x0058                  MSTRPR = 0x58
                    0x0058                  _MSTRPR = 0x58
                    0x0100                  TMR1 = 0x100
                    0x0100                  _TMR1 = 0x100
                    0x0102                  PR1 = 0x102
                    0x0102                  _PR1 = 0x102
                    0x0104                  T1CON = 0x104
                    0x0104                  _T1CON = 0x104
                    0x0104                  _T1CONbits = 0x104
                    0x0106                  TMR2 = 0x106
                    0x0106                  _TMR2 = 0x106
                    0x0108                  TMR3HLD = 0x108
                    0x0108                  _TMR3HLD = 0x108
                    0x010a                  TMR3 = 0x10a
                    0x010a                  _TMR3 = 0x10a
                    0x010c                  PR2 = 0x10c
                    0x010c                  _PR2 = 0x10c
                    0x010e                  PR3 = 0x10e
                    0x010e                  _PR3 = 0x10e
                    0x0110                  T2CON = 0x110
                    0x0110                  _T2CON = 0x110
                    0x0110                  _T2CONbits = 0x110
                    0x0112                  T3CON = 0x112
                    0x0112                  _T3CON = 0x112
                    0x0112                  _T3CONbits = 0x112
                    0x0114                  TMR4 = 0x114
                    0x0114                  _TMR4 = 0x114
                    0x0116                  TMR5HLD = 0x116
                    0x0116                  _TMR5HLD = 0x116
                    0x0118                  TMR5 = 0x118
                    0x0118                  _TMR5 = 0x118
                    0x011a                  PR4 = 0x11a
                    0x011a                  _PR4 = 0x11a
                    0x011c                  PR5 = 0x11c
                    0x011c                  _PR5 = 0x11c
                    0x011e                  T4CON = 0x11e
                    0x011e                  _T4CON = 0x11e
                    0x011e                  _T4CONbits = 0x11e
                    0x0120                  T5CON = 0x120
                    0x0120                  _T5CON = 0x120
                    0x0120                  _T5CONbits = 0x120
                    0x0122                  TMR6 = 0x122
                    0x0122                  _TMR6 = 0x122
                    0x0124                  TMR7HLD = 0x124
                    0x0124                  _TMR7HLD = 0x124
                    0x0126                  TMR7 = 0x126
                    0x0126                  _TMR7 = 0x126
                    0x0128                  PR6 = 0x128
                    0x0128                  _PR6 = 0x128
                    0x012a                  PR7 = 0x12a
                    0x012a                  _PR7 = 0x12a
                    0x012c                  T6CON = 0x12c
                    0x012c                  _T6CON = 0x12c
                    0x012c                  _T6CONbits = 0x12c
                    0x012e                  T7CON = 0x12e
                    0x012e                  _T7CON = 0x12e
                    0x012e                  _T7CONbits = 0x12e
                    0x0130                  TMR8 = 0x130
                    0x0130                  _TMR8 = 0x130
                    0x0132                  TMR9HLD = 0x132
                    0x0132                  _TMR9HLD = 0x132
                    0x0134                  TMR9 = 0x134
                    0x0134                  _TMR9 = 0x134
                    0x0136                  PR8 = 0x136
                    0x0136                  _PR8 = 0x136
                    0x0138                  PR9 = 0x138
                    0x0138                  _PR9 = 0x138
                    0x013a                  T8CON = 0x13a
                    0x013a                  _T8CON = 0x13a
                    0x013a                  _T8CONbits = 0x13a
                    0x013c                  T9CON = 0x13c
                    0x013c                  _T9CON = 0x13c
                    0x013c                  _T9CONbits = 0x13c
                    0x0140                  IC1CON1 = 0x140
                    0x0140                  _IC1CON1 = 0x140
                    0x0140                  _IC1CON1bits = 0x140
                    0x0142                  IC1CON2 = 0x142
                    0x0142                  _IC1CON2 = 0x142
                    0x0142                  _IC1CON2bits = 0x142
                    0x0144                  IC1BUF = 0x144
                    0x0144                  _IC1BUF = 0x144
                    0x0146                  IC1TMR = 0x146
                    0x0146                  _IC1TMR = 0x146
                    0x0148                  IC2CON1 = 0x148
                    0x0148                  _IC2CON1 = 0x148
                    0x0148                  _IC2CON1bits = 0x148
                    0x014a                  IC2CON2 = 0x14a
                    0x014a                  _IC2CON2 = 0x14a
                    0x014a                  _IC2CON2bits = 0x14a
                    0x014c                  IC2BUF = 0x14c
                    0x014c                  _IC2BUF = 0x14c
                    0x014e                  IC2TMR = 0x14e
                    0x014e                  _IC2TMR = 0x14e
                    0x0150                  IC3CON1 = 0x150
                    0x0150                  _IC3CON1 = 0x150
                    0x0150                  _IC3CON1bits = 0x150
                    0x0152                  IC3CON2 = 0x152
                    0x0152                  _IC3CON2 = 0x152
                    0x0152                  _IC3CON2bits = 0x152
                    0x0154                  IC3BUF = 0x154
                    0x0154                  _IC3BUF = 0x154
                    0x0156                  IC3TMR = 0x156
                    0x0156                  _IC3TMR = 0x156
                    0x0158                  IC4CON1 = 0x158
                    0x0158                  _IC4CON1 = 0x158
                    0x0158                  _IC4CON1bits = 0x158
                    0x015a                  IC4CON2 = 0x15a
                    0x015a                  _IC4CON2 = 0x15a
                    0x015a                  _IC4CON2bits = 0x15a
                    0x015c                  IC4BUF = 0x15c
                    0x015c                  _IC4BUF = 0x15c
                    0x015e                  IC4TMR = 0x15e
                    0x015e                  _IC4TMR = 0x15e
                    0x0160                  IC5CON1 = 0x160
                    0x0160                  _IC5CON1 = 0x160
                    0x0160                  _IC5CON1bits = 0x160
                    0x0162                  IC5CON2 = 0x162
                    0x0162                  _IC5CON2 = 0x162
                    0x0162                  _IC5CON2bits = 0x162
                    0x0164                  IC5BUF = 0x164
                    0x0164                  _IC5BUF = 0x164
                    0x0166                  IC5TMR = 0x166
                    0x0166                  _IC5TMR = 0x166
                    0x0168                  IC6CON1 = 0x168
                    0x0168                  _IC6CON1 = 0x168
                    0x0168                  _IC6CON1bits = 0x168
                    0x016a                  IC6CON2 = 0x16a
                    0x016a                  _IC6CON2 = 0x16a
                    0x016a                  _IC6CON2bits = 0x16a
                    0x016c                  IC6BUF = 0x16c
                    0x016c                  _IC6BUF = 0x16c
                    0x016e                  IC6TMR = 0x16e
                    0x016e                  _IC6TMR = 0x16e
                    0x0170                  IC7CON1 = 0x170
                    0x0170                  _IC7CON1 = 0x170
                    0x0170                  _IC7CON1bits = 0x170
                    0x0172                  IC7CON2 = 0x172
                    0x0172                  _IC7CON2 = 0x172
                    0x0172                  _IC7CON2bits = 0x172
                    0x0174                  IC7BUF = 0x174
                    0x0174                  _IC7BUF = 0x174
                    0x0176                  IC7TMR = 0x176
                    0x0176                  _IC7TMR = 0x176
                    0x0178                  IC8CON1 = 0x178
                    0x0178                  _IC8CON1 = 0x178
                    0x0178                  _IC8CON1bits = 0x178
                    0x017a                  IC8CON2 = 0x17a
                    0x017a                  _IC8CON2 = 0x17a
                    0x017a                  _IC8CON2bits = 0x17a
                    0x017c                  IC8BUF = 0x17c
                    0x017c                  _IC8BUF = 0x17c
                    0x017e                  IC8TMR = 0x17e
                    0x017e                  _IC8TMR = 0x17e
                    0x01c0                  QEI1CON = 0x1c0
                    0x01c0                  _QEI1CON = 0x1c0
                    0x01c0                  _QEI1CONbits = 0x1c0
                    0x01c2                  QEI1IOC = 0x1c2
                    0x01c2                  _QEI1IOC = 0x1c2
                    0x01c2                  _QEI1IOCbits = 0x1c2
                    0x01c4                  QEI1STAT = 0x1c4
                    0x01c4                  _QEI1STAT = 0x1c4
                    0x01c4                  _QEI1STATbits = 0x1c4
                    0x01c6                  POS1CNTL = 0x1c6
                    0x01c6                  _POS1CNTL = 0x1c6
                    0x01c8                  POS1CNTH = 0x1c8
                    0x01c8                  _POS1CNTH = 0x1c8
                    0x01ca                  POS1HLD = 0x1ca
                    0x01ca                  _POS1HLD = 0x1ca
                    0x01cc                  VEL1CNT = 0x1cc
                    0x01cc                  _VEL1CNT = 0x1cc
                    0x01ce                  INT1TMRL = 0x1ce
                    0x01ce                  _INT1TMRL = 0x1ce
                    0x01d0                  INT1TMRH = 0x1d0
                    0x01d0                  _INT1TMRH = 0x1d0
                    0x01d2                  INT1HLDL = 0x1d2
                    0x01d2                  _INT1HLDL = 0x1d2
                    0x01d4                  INT1HLDH = 0x1d4
                    0x01d4                  _INT1HLDH = 0x1d4
                    0x01d6                  INDX1CNTL = 0x1d6
                    0x01d6                  _INDX1CNTL = 0x1d6
                    0x01d8                  INDX1CNTH = 0x1d8
                    0x01d8                  _INDX1CNTH = 0x1d8
                    0x01da                  INDX1HLD = 0x1da
                    0x01da                  _INDX1HLD = 0x1da
                    0x01dc                  QEI1GECL = 0x1dc
                    0x01dc                  _QEI1GECL = 0x1dc
                    0x01dc                  QEI1ICL = 0x1dc
                    0x01dc                  _QEI1ICL = 0x1dc
                    0x01de                  QEI1GECH = 0x1de
                    0x01de                  _QEI1GECH = 0x1de
                    0x01de                  QEI1ICH = 0x1de
                    0x01de                  _QEI1ICH = 0x1de
                    0x01e0                  QEI1LECL = 0x1e0
                    0x01e0                  _QEI1LECL = 0x1e0
                    0x01e2                  QEI1LECH = 0x1e2
                    0x01e2                  _QEI1LECH = 0x1e2
                    0x0200                  I2C1RCV = 0x200
                    0x0200                  _I2C1RCV = 0x200
                    0x0202                  I2C1TRN = 0x202
                    0x0202                  _I2C1TRN = 0x202
                    0x0204                  I2C1BRG = 0x204
                    0x0204                  _I2C1BRG = 0x204
                    0x0206                  I2C1CON = 0x206
                    0x0206                  _I2C1CON = 0x206
                    0x0206                  _I2C1CONbits = 0x206
                    0x0208                  I2C1STAT = 0x208
                    0x0208                  _I2C1STAT = 0x208
                    0x0208                  _I2C1STATbits = 0x208
                    0x020a                  I2C1ADD = 0x20a
                    0x020a                  _I2C1ADD = 0x20a
                    0x020c                  I2C1MSK = 0x20c
                    0x020c                  _I2C1MSK = 0x20c
                    0x0210                  I2C2RCV = 0x210
                    0x0210                  _I2C2RCV = 0x210
                    0x0212                  I2C2TRN = 0x212
                    0x0212                  _I2C2TRN = 0x212
                    0x0214                  I2C2BRG = 0x214
                    0x0214                  _I2C2BRG = 0x214
                    0x0216                  I2C2CON = 0x216
                    0x0216                  _I2C2CON = 0x216
                    0x0216                  _I2C2CONbits = 0x216
                    0x0218                  I2C2STAT = 0x218
                    0x0218                  _I2C2STAT = 0x218
                    0x0218                  _I2C2STATbits = 0x218
                    0x021a                  I2C2ADD = 0x21a
                    0x021a                  _I2C2ADD = 0x21a
                    0x021c                  I2C2MSK = 0x21c
                    0x021c                  _I2C2MSK = 0x21c
                    0x0220                  U1MODE = 0x220
                    0x0220                  _U1MODE = 0x220
                    0x0220                  _U1MODEbits = 0x220
                    0x0222                  U1STA = 0x222
                    0x0222                  _U1STA = 0x222
                    0x0222                  _U1STAbits = 0x222
                    0x0224                  U1TXREG = 0x224
                    0x0224                  _U1TXREG = 0x224
                    0x0226                  U1RXREG = 0x226
                    0x0226                  _U1RXREG = 0x226
                    0x0228                  U1BRG = 0x228
                    0x0228                  _U1BRG = 0x228
                    0x0230                  U2MODE = 0x230
                    0x0230                  _U2MODE = 0x230
                    0x0230                  _U2MODEbits = 0x230
                    0x0232                  U2STA = 0x232
                    0x0232                  _U2STA = 0x232
                    0x0232                  _U2STAbits = 0x232
                    0x0234                  U2TXREG = 0x234
                    0x0234                  _U2TXREG = 0x234
                    0x0236                  U2RXREG = 0x236
                    0x0236                  _U2RXREG = 0x236
                    0x0238                  U2BRG = 0x238
                    0x0238                  _U2BRG = 0x238
                    0x0240                  SPI1STAT = 0x240
                    0x0240                  _SPI1STAT = 0x240
                    0x0240                  _SPI1STATbits = 0x240
                    0x0242                  SPI1CON1 = 0x242
                    0x0242                  _SPI1CON1 = 0x242
                    0x0242                  _SPI1CON1bits = 0x242
                    0x0244                  SPI1CON2 = 0x244
                    0x0244                  _SPI1CON2 = 0x244
                    0x0244                  _SPI1CON2bits = 0x244
                    0x0248                  SPI1BUF = 0x248
                    0x0248                  _SPI1BUF = 0x248
                    0x0250                  U3MODE = 0x250
                    0x0250                  _U3MODE = 0x250
                    0x0250                  _U3MODEbits = 0x250
                    0x0252                  U3STA = 0x252
                    0x0252                  _U3STA = 0x252
                    0x0252                  _U3STAbits = 0x252
                    0x0254                  U3TXREG = 0x254
                    0x0254                  _U3TXREG = 0x254
                    0x0256                  U3RXREG = 0x256
                    0x0256                  _U3RXREG = 0x256
                    0x0258                  U3BRG = 0x258
                    0x0258                  _U3BRG = 0x258
                    0x0260                  SPI2STAT = 0x260
                    0x0260                  _SPI2STAT = 0x260
                    0x0260                  _SPI2STATbits = 0x260
                    0x0262                  SPI2CON1 = 0x262
                    0x0262                  _SPI2CON1 = 0x262
                    0x0262                  _SPI2CON1bits = 0x262
                    0x0264                  SPI2CON2 = 0x264
                    0x0264                  _SPI2CON2 = 0x264
                    0x0264                  _SPI2CON2bits = 0x264
                    0x0268                  SPI2BUF = 0x268
                    0x0268                  _SPI2BUF = 0x268
                    0x0280                  DCICON1 = 0x280
                    0x0280                  _DCICON1 = 0x280
                    0x0280                  _DCICON1bits = 0x280
                    0x0282                  DCICON2 = 0x282
                    0x0282                  _DCICON2 = 0x282
                    0x0282                  _DCICON2bits = 0x282
                    0x0284                  DCICON3 = 0x284
                    0x0284                  _DCICON3 = 0x284
                    0x0284                  _DCICON3bits = 0x284
                    0x0286                  DCISTAT = 0x286
                    0x0286                  _DCISTAT = 0x286
                    0x0286                  _DCISTATbits = 0x286
                    0x0288                  TSCON = 0x288
                    0x0288                  _TSCON = 0x288
                    0x0288                  _TSCONbits = 0x288
                    0x028a                  RESERVED1 = 0x28a
                    0x028a                  _RESERVED1 = 0x28a
                    0x028c                  RSCON = 0x28c
                    0x028c                  _RSCON = 0x28c
                    0x028c                  _RSCONbits = 0x28c
                    0x028e                  RESERVED2 = 0x28e
                    0x028e                  _RESERVED2 = 0x28e
                    0x0290                  RXBUF0 = 0x290
                    0x0290                  _RXBUF0 = 0x290
                    0x0292                  RXBUF1 = 0x292
                    0x0292                  _RXBUF1 = 0x292
                    0x0294                  RXBUF2 = 0x294
                    0x0294                  _RXBUF2 = 0x294
                    0x0296                  RXBUF3 = 0x296
                    0x0296                  _RXBUF3 = 0x296
                    0x0298                  TXBUF0 = 0x298
                    0x0298                  _TXBUF0 = 0x298
                    0x029a                  TXBUF1 = 0x29a
                    0x029a                  _TXBUF1 = 0x29a
                    0x029c                  TXBUF2 = 0x29c
                    0x029c                  _TXBUF2 = 0x29c
                    0x029e                  TXBUF3 = 0x29e
                    0x029e                  _TXBUF3 = 0x29e
                    0x02a0                  SPI3STAT = 0x2a0
                    0x02a0                  _SPI3STAT = 0x2a0
                    0x02a0                  _SPI3STATbits = 0x2a0
                    0x02a2                  SPI3CON1 = 0x2a2
                    0x02a2                  _SPI3CON1 = 0x2a2
                    0x02a2                  _SPI3CON1bits = 0x2a2
                    0x02a4                  SPI3CON2 = 0x2a4
                    0x02a4                  _SPI3CON2 = 0x2a4
                    0x02a4                  _SPI3CON2bits = 0x2a4
                    0x02a8                  SPI3BUF = 0x2a8
                    0x02a8                  _SPI3BUF = 0x2a8
                    0x02b0                  U4MODE = 0x2b0
                    0x02b0                  _U4MODE = 0x2b0
                    0x02b0                  _U4MODEbits = 0x2b0
                    0x02b2                  U4STA = 0x2b2
                    0x02b2                  _U4STA = 0x2b2
                    0x02b2                  _U4STAbits = 0x2b2
                    0x02b4                  U4TXREG = 0x2b4
                    0x02b4                  _U4TXREG = 0x2b4
                    0x02b6                  U4RXREG = 0x2b6
                    0x02b6                  _U4RXREG = 0x2b6
                    0x02b8                  U4BRG = 0x2b8
                    0x02b8                  _U4BRG = 0x2b8
                    0x0300                  ADC1BUF0 = 0x300
                    0x0300                  _ADC1BUF0 = 0x300
                    0x0302                  ADC1BUF1 = 0x302
                    0x0302                  _ADC1BUF1 = 0x302
                    0x0304                  ADC1BUF2 = 0x304
                    0x0304                  _ADC1BUF2 = 0x304
                    0x0306                  ADC1BUF3 = 0x306
                    0x0306                  _ADC1BUF3 = 0x306
                    0x0308                  ADC1BUF4 = 0x308
                    0x0308                  _ADC1BUF4 = 0x308
                    0x030a                  ADC1BUF5 = 0x30a
                    0x030a                  _ADC1BUF5 = 0x30a
                    0x030c                  ADC1BUF6 = 0x30c
                    0x030c                  _ADC1BUF6 = 0x30c
                    0x030e                  ADC1BUF7 = 0x30e
                    0x030e                  _ADC1BUF7 = 0x30e
                    0x0310                  ADC1BUF8 = 0x310
                    0x0310                  _ADC1BUF8 = 0x310
                    0x0312                  ADC1BUF9 = 0x312
                    0x0312                  _ADC1BUF9 = 0x312
                    0x0314                  ADC1BUFA = 0x314
                    0x0314                  _ADC1BUFA = 0x314
                    0x0316                  ADC1BUFB = 0x316
                    0x0316                  _ADC1BUFB = 0x316
                    0x0318                  ADC1BUFC = 0x318
                    0x0318                  _ADC1BUFC = 0x318
                    0x031a                  ADC1BUFD = 0x31a
                    0x031a                  _ADC1BUFD = 0x31a
                    0x031c                  ADC1BUFE = 0x31c
                    0x031c                  _ADC1BUFE = 0x31c
                    0x031e                  ADC1BUFF = 0x31e
                    0x031e                  _ADC1BUFF = 0x31e
                    0x0320                  AD1CON1 = 0x320
                    0x0320                  _AD1CON1 = 0x320
                    0x0320                  _AD1CON1bits = 0x320
                    0x0322                  AD1CON2 = 0x322
                    0x0322                  _AD1CON2 = 0x322
                    0x0322                  _AD1CON2bits = 0x322
                    0x0324                  AD1CON3 = 0x324
                    0x0324                  _AD1CON3 = 0x324
                    0x0324                  _AD1CON3bits = 0x324
                    0x0326                  AD1CHS123 = 0x326
                    0x0326                  _AD1CHS123 = 0x326
                    0x0326                  _AD1CHS123bits = 0x326
                    0x0328                  AD1CHS0 = 0x328
                    0x0328                  _AD1CHS0 = 0x328
                    0x0328                  _AD1CHS0bits = 0x328
                    0x032e                  AD1CSSH = 0x32e
                    0x032e                  _AD1CSSH = 0x32e
                    0x032e                  _AD1CSSHbits = 0x32e
                    0x0330                  AD1CSSL = 0x330
                    0x0330                  _AD1CSSL = 0x330
                    0x0330                  _AD1CSSLbits = 0x330
                    0x0332                  AD1CON4 = 0x332
                    0x0332                  _AD1CON4 = 0x332
                    0x0332                  _AD1CON4bits = 0x332
                    0x033a                  CTMUCON1 = 0x33a
                    0x033a                  _CTMUCON1 = 0x33a
                    0x033a                  _CTMUCON1bits = 0x33a
                    0x033c                  CTMUCON2 = 0x33c
                    0x033c                  _CTMUCON2 = 0x33c
                    0x033c                  _CTMUCON2bits = 0x33c
                    0x033e                  CTMUICON = 0x33e
                    0x033e                  _CTMUICON = 0x33e
                    0x033e                  _CTMUICONbits = 0x33e
                    0x0340                  ADC2BUF0 = 0x340
                    0x0340                  _ADC2BUF0 = 0x340
                    0x0342                  ADC2BUF1 = 0x342
                    0x0342                  _ADC2BUF1 = 0x342
                    0x0344                  ADC2BUF2 = 0x344
                    0x0344                  _ADC2BUF2 = 0x344
                    0x0346                  ADC2BUF3 = 0x346
                    0x0346                  _ADC2BUF3 = 0x346
                    0x0348                  ADC2BUF4 = 0x348
                    0x0348                  _ADC2BUF4 = 0x348
                    0x034a                  ADC2BUF5 = 0x34a
                    0x034a                  _ADC2BUF5 = 0x34a
                    0x034c                  ADC2BUF6 = 0x34c
                    0x034c                  _ADC2BUF6 = 0x34c
                    0x034e                  ADC2BUF7 = 0x34e
                    0x034e                  _ADC2BUF7 = 0x34e
                    0x0350                  ADC2BUF8 = 0x350
                    0x0350                  _ADC2BUF8 = 0x350
                    0x0352                  ADC2BUF9 = 0x352
                    0x0352                  _ADC2BUF9 = 0x352
                    0x0354                  ADC2BUFA = 0x354
                    0x0354                  _ADC2BUFA = 0x354
                    0x0356                  ADC2BUFB = 0x356
                    0x0356                  _ADC2BUFB = 0x356
                    0x0358                  ADC2BUFC = 0x358
                    0x0358                  _ADC2BUFC = 0x358
                    0x035a                  ADC2BUFD = 0x35a
                    0x035a                  _ADC2BUFD = 0x35a
                    0x035c                  ADC2BUFE = 0x35c
                    0x035c                  _ADC2BUFE = 0x35c
                    0x035e                  ADC2BUFF = 0x35e
                    0x035e                  _ADC2BUFF = 0x35e
                    0x0360                  AD2CON1 = 0x360
                    0x0360                  _AD2CON1 = 0x360
                    0x0360                  _AD2CON1bits = 0x360
                    0x0362                  AD2CON2 = 0x362
                    0x0362                  _AD2CON2 = 0x362
                    0x0362                  _AD2CON2bits = 0x362
                    0x0364                  AD2CON3 = 0x364
                    0x0364                  _AD2CON3 = 0x364
                    0x0364                  _AD2CON3bits = 0x364
                    0x0366                  AD2CHS123 = 0x366
                    0x0366                  _AD2CHS123 = 0x366
                    0x0366                  _AD2CHS123bits = 0x366
                    0x0368                  AD2CHS0 = 0x368
                    0x0368                  _AD2CHS0 = 0x368
                    0x0368                  _AD2CHS0bits = 0x368
                    0x036e                  AD2CSSH = 0x36e
                    0x036e                  _AD2CSSH = 0x36e
                    0x036e                  _AD2CSSHbits = 0x36e
                    0x0370                  AD2CSSL = 0x370
                    0x0370                  _AD2CSSL = 0x370
                    0x0370                  _AD2CSSLbits = 0x370
                    0x0372                  AD2CON4 = 0x372
                    0x0372                  _AD2CON4 = 0x372
                    0x0372                  _AD2CON4bits = 0x372
                    0x0400                  C1CTRL1 = 0x400
                    0x0400                  _C1CTRL1 = 0x400
                    0x0400                  _C1CTRL1bits = 0x400
                    0x0402                  C1CTRL2 = 0x402
                    0x0402                  _C1CTRL2 = 0x402
                    0x0402                  _C1CTRL2bits = 0x402
                    0x0404                  C1VEC = 0x404
                    0x0404                  _C1VEC = 0x404
                    0x0404                  _C1VECbits = 0x404
                    0x0406                  C1FCTRL = 0x406
                    0x0406                  _C1FCTRL = 0x406
                    0x0406                  _C1FCTRLbits = 0x406
                    0x0408                  C1FIFO = 0x408
                    0x0408                  _C1FIFO = 0x408
                    0x0408                  _C1FIFObits = 0x408
                    0x040a                  C1INTF = 0x40a
                    0x040a                  _C1INTF = 0x40a
                    0x040a                  _C1INTFbits = 0x40a
                    0x040c                  C1INTE = 0x40c
                    0x040c                  _C1INTE = 0x40c
                    0x040c                  _C1INTEbits = 0x40c
                    0x040e                  C1EC = 0x40e
                    0x040e                  _C1EC = 0x40e
                    0x040e                  _C1ECbits = 0x40e
                    0x040e                  C1RERRCNT = 0x40e
                    0x040e                  _C1RERRCNT = 0x40e
                    0x040f                  C1TERRCNT = 0x40f
                    0x040f                  _C1TERRCNT = 0x40f
                    0x0410                  C1CFG1 = 0x410
                    0x0410                  _C1CFG1 = 0x410
                    0x0410                  _C1CFG1bits = 0x410
                    0x0412                  C1CFG2 = 0x412
                    0x0412                  _C1CFG2 = 0x412
                    0x0412                  _C1CFG2bits = 0x412
                    0x0414                  C1FEN1 = 0x414
                    0x0414                  _C1FEN1 = 0x414
                    0x0414                  _C1FEN1bits = 0x414
                    0x0418                  C1FMSKSEL1 = 0x418
                    0x0418                  _C1FMSKSEL1 = 0x418
                    0x0418                  _C1FMSKSEL1bits = 0x418
                    0x041a                  C1FMSKSEL2 = 0x41a
                    0x041a                  _C1FMSKSEL2 = 0x41a
                    0x041a                  _C1FMSKSEL2bits = 0x41a
                    0x0420                  C1BUFPNT1 = 0x420
                    0x0420                  _C1BUFPNT1 = 0x420
                    0x0420                  _C1BUFPNT1bits = 0x420
                    0x0420                  C1RXFUL1 = 0x420
                    0x0420                  _C1RXFUL1 = 0x420
                    0x0420                  _C1RXFUL1bits = 0x420
                    0x0422                  C1BUFPNT2 = 0x422
                    0x0422                  _C1BUFPNT2 = 0x422
                    0x0422                  _C1BUFPNT2bits = 0x422
                    0x0422                  C1RXFUL2 = 0x422
                    0x0422                  _C1RXFUL2 = 0x422
                    0x0422                  _C1RXFUL2bits = 0x422
                    0x0424                  C1BUFPNT3 = 0x424
                    0x0424                  _C1BUFPNT3 = 0x424
                    0x0424                  _C1BUFPNT3bits = 0x424
                    0x0426                  C1BUFPNT4 = 0x426
                    0x0426                  _C1BUFPNT4 = 0x426
                    0x0426                  _C1BUFPNT4bits = 0x426
                    0x0428                  C1RXOVF1 = 0x428
                    0x0428                  _C1RXOVF1 = 0x428
                    0x0428                  _C1RXOVF1bits = 0x428
                    0x042a                  C1RXOVF2 = 0x42a
                    0x042a                  _C1RXOVF2 = 0x42a
                    0x042a                  _C1RXOVF2bits = 0x42a
                    0x0430                  C1RXM0SID = 0x430
                    0x0430                  _C1RXM0SID = 0x430
                    0x0430                  _C1RXM0SIDbits = 0x430
                    0x0430                  C1TR01CON = 0x430
                    0x0430                  _C1TR01CON = 0x430
                    0x0430                  _C1TR01CONbits = 0x430
                    0x0432                  C1RXM0EID = 0x432
                    0x0432                  _C1RXM0EID = 0x432
                    0x0432                  _C1RXM0EIDbits = 0x432
                    0x0432                  C1TR23CON = 0x432
                    0x0432                  _C1TR23CON = 0x432
                    0x0432                  _C1TR23CONbits = 0x432
                    0x0434                  C1RXM1SID = 0x434
                    0x0434                  _C1RXM1SID = 0x434
                    0x0434                  _C1RXM1SIDbits = 0x434
                    0x0434                  C1TR45CON = 0x434
                    0x0434                  _C1TR45CON = 0x434
                    0x0434                  _C1TR45CONbits = 0x434
                    0x0436                  C1RXM1EID = 0x436
                    0x0436                  _C1RXM1EID = 0x436
                    0x0436                  _C1RXM1EIDbits = 0x436
                    0x0436                  C1TR67CON = 0x436
                    0x0436                  _C1TR67CON = 0x436
                    0x0436                  _C1TR67CONbits = 0x436
                    0x0438                  C1RXM2SID = 0x438
                    0x0438                  _C1RXM2SID = 0x438
                    0x0438                  _C1RXM2SIDbits = 0x438
                    0x043a                  C1RXM2EID = 0x43a
                    0x043a                  _C1RXM2EID = 0x43a
                    0x043a                  _C1RXM2EIDbits = 0x43a
                    0x0440                  C1RXD = 0x440
                    0x0440                  _C1RXD = 0x440
                    0x0440                  C1RXF0SID = 0x440
                    0x0440                  _C1RXF0SID = 0x440
                    0x0440                  _C1RXF0SIDbits = 0x440
                    0x0442                  C1RXF0EID = 0x442
                    0x0442                  _C1RXF0EID = 0x442
                    0x0442                  _C1RXF0EIDbits = 0x442
                    0x0442                  C1TXD = 0x442
                    0x0442                  _C1TXD = 0x442
                    0x0444                  C1RXF1SID = 0x444
                    0x0444                  _C1RXF1SID = 0x444
                    0x0444                  _C1RXF1SIDbits = 0x444
                    0x0446                  C1RXF1EID = 0x446
                    0x0446                  _C1RXF1EID = 0x446
                    0x0446                  _C1RXF1EIDbits = 0x446
                    0x0448                  C1RXF2SID = 0x448
                    0x0448                  _C1RXF2SID = 0x448
                    0x0448                  _C1RXF2SIDbits = 0x448
                    0x044a                  C1RXF2EID = 0x44a
                    0x044a                  _C1RXF2EID = 0x44a
                    0x044a                  _C1RXF2EIDbits = 0x44a
                    0x044c                  C1RXF3SID = 0x44c
                    0x044c                  _C1RXF3SID = 0x44c
                    0x044c                  _C1RXF3SIDbits = 0x44c
                    0x044e                  C1RXF3EID = 0x44e
                    0x044e                  _C1RXF3EID = 0x44e
                    0x044e                  _C1RXF3EIDbits = 0x44e
                    0x0450                  C1RXF4SID = 0x450
                    0x0450                  _C1RXF4SID = 0x450
                    0x0450                  _C1RXF4SIDbits = 0x450
                    0x0452                  C1RXF4EID = 0x452
                    0x0452                  _C1RXF4EID = 0x452
                    0x0452                  _C1RXF4EIDbits = 0x452
                    0x0454                  C1RXF5SID = 0x454
                    0x0454                  _C1RXF5SID = 0x454
                    0x0454                  _C1RXF5SIDbits = 0x454
                    0x0456                  C1RXF5EID = 0x456
                    0x0456                  _C1RXF5EID = 0x456
                    0x0456                  _C1RXF5EIDbits = 0x456
                    0x0458                  C1RXF6SID = 0x458
                    0x0458                  _C1RXF6SID = 0x458
                    0x0458                  _C1RXF6SIDbits = 0x458
                    0x045a                  C1RXF6EID = 0x45a
                    0x045a                  _C1RXF6EID = 0x45a
                    0x045a                  _C1RXF6EIDbits = 0x45a
                    0x045c                  C1RXF7SID = 0x45c
                    0x045c                  _C1RXF7SID = 0x45c
                    0x045c                  _C1RXF7SIDbits = 0x45c
                    0x045e                  C1RXF7EID = 0x45e
                    0x045e                  _C1RXF7EID = 0x45e
                    0x045e                  _C1RXF7EIDbits = 0x45e
                    0x0460                  C1RXF8SID = 0x460
                    0x0460                  _C1RXF8SID = 0x460
                    0x0460                  _C1RXF8SIDbits = 0x460
                    0x0462                  C1RXF8EID = 0x462
                    0x0462                  _C1RXF8EID = 0x462
                    0x0462                  _C1RXF8EIDbits = 0x462
                    0x0464                  C1RXF9SID = 0x464
                    0x0464                  _C1RXF9SID = 0x464
                    0x0464                  _C1RXF9SIDbits = 0x464
                    0x0466                  C1RXF9EID = 0x466
                    0x0466                  _C1RXF9EID = 0x466
                    0x0466                  _C1RXF9EIDbits = 0x466
                    0x0468                  C1RXF10SID = 0x468
                    0x0468                  _C1RXF10SID = 0x468
                    0x0468                  _C1RXF10SIDbits = 0x468
                    0x046a                  C1RXF10EID = 0x46a
                    0x046a                  _C1RXF10EID = 0x46a
                    0x046a                  _C1RXF10EIDbits = 0x46a
                    0x046c                  C1RXF11SID = 0x46c
                    0x046c                  _C1RXF11SID = 0x46c
                    0x046c                  _C1RXF11SIDbits = 0x46c
                    0x046e                  C1RXF11EID = 0x46e
                    0x046e                  _C1RXF11EID = 0x46e
                    0x046e                  _C1RXF11EIDbits = 0x46e
                    0x0470                  C1RXF12SID = 0x470
                    0x0470                  _C1RXF12SID = 0x470
                    0x0470                  _C1RXF12SIDbits = 0x470
                    0x0472                  C1RXF12EID = 0x472
                    0x0472                  _C1RXF12EID = 0x472
                    0x0472                  _C1RXF12EIDbits = 0x472
                    0x0474                  C1RXF13SID = 0x474
                    0x0474                  _C1RXF13SID = 0x474
                    0x0474                  _C1RXF13SIDbits = 0x474
                    0x0476                  C1RXF13EID = 0x476
                    0x0476                  _C1RXF13EID = 0x476
                    0x0476                  _C1RXF13EIDbits = 0x476
                    0x0478                  C1RXF14SID = 0x478
                    0x0478                  _C1RXF14SID = 0x478
                    0x0478                  _C1RXF14SIDbits = 0x478
                    0x047a                  C1RXF14EID = 0x47a
                    0x047a                  _C1RXF14EID = 0x47a
                    0x047a                  _C1RXF14EIDbits = 0x47a
                    0x047c                  C1RXF15SID = 0x47c
                    0x047c                  _C1RXF15SID = 0x47c
                    0x047c                  _C1RXF15SIDbits = 0x47c
                    0x047e                  C1RXF15EID = 0x47e
                    0x047e                  _C1RXF15EID = 0x47e
                    0x047e                  _C1RXF15EIDbits = 0x47e
                    0x0500                  C2CTRL1 = 0x500
                    0x0500                  _C2CTRL1 = 0x500
                    0x0500                  _C2CTRL1bits = 0x500
                    0x0502                  C2CTRL2 = 0x502
                    0x0502                  _C2CTRL2 = 0x502
                    0x0502                  _C2CTRL2bits = 0x502
                    0x0504                  C2VEC = 0x504
                    0x0504                  _C2VEC = 0x504
                    0x0504                  _C2VECbits = 0x504
                    0x0506                  C2FCTRL = 0x506
                    0x0506                  _C2FCTRL = 0x506
                    0x0506                  _C2FCTRLbits = 0x506
                    0x0508                  C2FIFO = 0x508
                    0x0508                  _C2FIFO = 0x508
                    0x0508                  _C2FIFObits = 0x508
                    0x050a                  C2INTF = 0x50a
                    0x050a                  _C2INTF = 0x50a
                    0x050a                  _C2INTFbits = 0x50a
                    0x050c                  C2INTE = 0x50c
                    0x050c                  _C2INTE = 0x50c
                    0x050c                  _C2INTEbits = 0x50c
                    0x050e                  C2EC = 0x50e
                    0x050e                  _C2EC = 0x50e
                    0x050e                  _C2ECbits = 0x50e
                    0x050e                  C2RERRCNT = 0x50e
                    0x050e                  _C2RERRCNT = 0x50e
                    0x050f                  C2TERRCNT = 0x50f
                    0x050f                  _C2TERRCNT = 0x50f
                    0x0510                  C2CFG1 = 0x510
                    0x0510                  _C2CFG1 = 0x510
                    0x0510                  _C2CFG1bits = 0x510
                    0x0512                  C2CFG2 = 0x512
                    0x0512                  _C2CFG2 = 0x512
                    0x0512                  _C2CFG2bits = 0x512
                    0x0514                  C2FEN1 = 0x514
                    0x0514                  _C2FEN1 = 0x514
                    0x0514                  _C2FEN1bits = 0x514
                    0x0518                  C2FMSKSEL1 = 0x518
                    0x0518                  _C2FMSKSEL1 = 0x518
                    0x0518                  _C2FMSKSEL1bits = 0x518
                    0x051a                  C2FMSKSEL2 = 0x51a
                    0x051a                  _C2FMSKSEL2 = 0x51a
                    0x051a                  _C2FMSKSEL2bits = 0x51a
                    0x0520                  C2BUFPNT1 = 0x520
                    0x0520                  _C2BUFPNT1 = 0x520
                    0x0520                  _C2BUFPNT1bits = 0x520
                    0x0520                  C2RXFUL1 = 0x520
                    0x0520                  _C2RXFUL1 = 0x520
                    0x0520                  _C2RXFUL1bits = 0x520
                    0x0522                  C2BUFPNT2 = 0x522
                    0x0522                  _C2BUFPNT2 = 0x522
                    0x0522                  _C2BUFPNT2bits = 0x522
                    0x0522                  C2RXFUL2 = 0x522
                    0x0522                  _C2RXFUL2 = 0x522
                    0x0522                  _C2RXFUL2bits = 0x522
                    0x0524                  C2BUFPNT3 = 0x524
                    0x0524                  _C2BUFPNT3 = 0x524
                    0x0524                  _C2BUFPNT3bits = 0x524
                    0x0526                  C2BUFPNT4 = 0x526
                    0x0526                  _C2BUFPNT4 = 0x526
                    0x0526                  _C2BUFPNT4bits = 0x526
                    0x0528                  C2RXOVF1 = 0x528
                    0x0528                  _C2RXOVF1 = 0x528
                    0x0528                  _C2RXOVF1bits = 0x528
                    0x052a                  C2RXOVF2 = 0x52a
                    0x052a                  _C2RXOVF2 = 0x52a
                    0x052a                  _C2RXOVF2bits = 0x52a
                    0x0530                  C2RXM0SID = 0x530
                    0x0530                  _C2RXM0SID = 0x530
                    0x0530                  _C2RXM0SIDbits = 0x530