Microchip Technology Inc, v2.10 (B)

Tool Name:
  c:\program files\microchip\xc16\v2.10\bin\bin\..\bin/elf-ld.exe

Command:
  -p33EP128GM604 \
  --mdfp=C:/Program Files/Microchip/MPLABX/v6.20/packs/Microchip/dsPIC33E-GM-GP-MC-GU-MU_DFP/1.5.258/xc16 \
  -o \
  dist/default/production/Invenmed_charge_station.production.elf \
  -Lc:/program files/microchip/xc16/v2.10/bin/bin/.. \
  -LC:/Program Files/Microchip/MPLABX/v6.20/packs/Microchip/dsPIC33E-GM-GP-MC-GU-MU_DFP/1.5.258/xc16/bin/../support/PIC24E/gld \
  -LC:/Program Files/Microchip/MPLABX/v6.20/packs/Microchip/dsPIC33E-GM-GP-MC-GU-MU_DFP/1.5.258/xc16/bin/../support/dsPIC33E/gld \
  -Lc:/program files/microchip/xc16/v2.10/bin/bin/../../lib \
  -Lc:/program files/microchip/xc16/v2.10/bin/bin/../../support/PIC24E/gld \
  -Lc:/program files/microchip/xc16/v2.10/bin/bin/../../support/PIC24F/gld \
  -Lc:/program files/microchip/xc16/v2.10/bin/bin/../../support/PIC24H/gld \
  -Lc:/program files/microchip/xc16/v2.10/bin/bin/../../support/dsPIC30F/gld \
  -Lc:/program files/microchip/xc16/v2.10/bin/bin/../../support/dsPIC33C/gld \
  -Lc:/program files/microchip/xc16/v2.10/bin/bin/../../support/dsPIC33E/gld \
  -Lc:/program files/microchip/xc16/v2.10/bin/bin/../../support/dsPIC33F/gld \
  build/default/production/mcc_generated_files/spi2.o \
  build/default/production/mcc_generated_files/system.o \
  build/default/production/mcc_generated_files/pwm.o \
  build/default/production/mcc_generated_files/traps.o \
  build/default/production/mcc_generated_files/mcc.o \
  build/default/production/mcc_generated_files/clock.o \
  build/default/production/mcc_generated_files/interrupt_manager.o \
  build/default/production/mcc_generated_files/adc1.o \
  build/default/production/mcc_generated_files/adc2.o \
  build/default/production/mcc_generated_files/uart4.o \
  build/default/production/mcc_generated_files/uart3.o \
  build/default/production/mcc_generated_files/uart2.o \
  build/default/production/mcc_generated_files/uart1.o \
  build/default/production/mcc_generated_files/pin_manager.o \
  build/default/production/mcc_generated_files/reset.o \
  build/default/production/mcc_generated_files/tmr2.o \
  build/default/production/mcc_generated_files/delay.o \
  build/default/production/mcc_generated_files/tmr3.o \
  build/default/production/mcc_generated_files/ext_int.o \
  build/default/production/main.o \
  build/default/production/led_control.o \
  build/default/production/app.o \
  build/default/production/function_api.o \
  build/default/production/timer_api.o \
  build/default/production/uart_api.o \
  build/default/production/relay_control.o \
  build/default/production/engineer_mode.o \
  build/default/production/power_meter.o \
  --local-stack \
  --defsym=__MPLAB_BUILD=1 \
  -Tp33EP128GM604.gld.00 \
  --stack=16 \
  --check-sections \
  --data-init \
  --pack-data \
  --handles \
  --isr \
  --no-gc-sections \
  --fill-upper=0 \
  --stackguard=16 \
  --no-force-link \
  --smart-io \
  -Map=dist/default/production/Invenmed_charge_station.production.map \
  --report-mem \
  --memorysummary \
  dist/default/production/memoryfile.xml \
  -start-group \
  --library=c99-pic30-elf \
  --library=m-elf \
  --library=c99-elf \
  -end-group \


Optional library libp33EP128GM604.a not found
Archive member included because of file (symbol)

c:/program files/microchip/xc16/v2.10/bin/bin/../../lib\libc99-pic30-elf.a(crt0_extendedep.o)
                              (__resetPRI)
c:/program files/microchip/xc16/v2.10/bin/bin/../../lib\libc99-pic30-elf.a(data_init_extended.o)
                              c:/program files/microchip/xc16/v2.10/bin/bin/../../lib\libc99-pic30-elf.a(crt0_extendedep.o) (__data_init_extended)
c:/program files/microchip/xc16/v2.10/bin/bin/../../lib\libc99-pic30-elf.a(crt_start_mode_normalep.Meo)
                              (__crt_start_mode_normal)
c:/program files/microchip/xc16/v2.10/bin/bin/../../lib\libc99-pic30-elf.a(delay32ep.Meo)
                              build/default/production/mcc_generated_files/delay.o (___delay32)
c:/program files/microchip/xc16/v2.10/bin/bin/../../lib\libc99-pic30-elf.a(floatunsisf.EP_o)
                              build/default/production/uart_api.o (___floatunsisf)
c:/program files/microchip/xc16/v2.10/bin/bin/../../lib\libc99-pic30-elf.a(udivsi3.EP_o)
                              build/default/production/timer_api.o (___udivsi3)
c:/program files/microchip/xc16/v2.10/bin/bin/../../lib\libc99-pic30-elf.a(umodsi3.EP_o)
                              build/default/production/timer_api.o (___umodsi3)
c:/program files/microchip/xc16/v2.10/bin/bin/../../lib\libc99-pic30-elf.a(addsf3x.EP_o)
                              build/default/production/uart_api.o (___addsf3)
c:/program files/microchip/xc16/v2.10/bin/bin/../../lib\libc99-pic30-elf.a(divsf3x.EP_o)
                              build/default/production/uart_api.o (___divsf3)
c:/program files/microchip/xc16/v2.10/bin/bin/../../lib\libc99-pic30-elf.a(mulsf3x.EP_o)
[...]
Memory Configuration

Name             Origin             Length             Attributes
data             0x001000           0x004000           a !xr
reset            0x000000           0x000004  
ivt              0x000004           0x0001fc  
program          0x000200           0x0153ec           xr
FICD             0x0155f0           0x000002  
FPOR             0x0155f2           0x000002  
FWDT             0x0155f4           0x000002  
FOSC             0x0155f6           0x000002  
FOSCSEL          0x0155f8           0x000002  
FGS              0x0155fa           0x000002  
FUID0            0x800ff8           0x000002  
FUID1            0x800ffa           0x000002  
FUID2            0x800ffc           0x000002  
FUID3            0x800ffe           0x000002  
*default*        0x000000           0xffffffff  

Linker script and memory map

LOAD build/default/production/mcc_generated_files/spi2.o
LOAD build/default/production/mcc_generated_files/system.o
LOAD build/default/production/mcc_generated_files/pwm.o
LOAD build/default/production/mcc_generated_files/traps.o
LOAD build/default/production/mcc_generated_files/mcc.o
LOAD build/default/production/mcc_generated_files/clock.o
LOAD build/default/production/mcc_generated_files/interrupt_manager.o
LOAD build/default/production/mcc_generated_files/adc1.o
LOAD build/default/production/mcc_generated_files/adc2.o
LOAD build/default/production/mcc_generated_files/uart4.o
LOAD build/default/production/mcc_generated_files/uart3.o
LOAD build/default/production/mcc_generated_files/uart2.o
LOAD build/default/production/mcc_generated_files/uart1.o
LOAD build/default/production/mcc_generated_files/pin_manager.o
LOAD build/default/production/mcc_generated_files/reset.o
LOAD build/default/production/mcc_generated_files/tmr2.o
LOAD build/default/production/mcc_generated_files/delay.o
LOAD build/default/production/mcc_generated_files/tmr3.o
LOAD build/default/production/mcc_generated_files/ext_int.o
LOAD build/default/production/main.o
LOAD build/default/production/led_control.o
LOAD build/default/production/app.o
LOAD build/default/production/function_api.o
LOAD build/default/production/timer_api.o
LOAD build/default/production/uart_api.o
LOAD build/default/production/relay_control.o
LOAD build/default/production/engineer_mode.o
LOAD build/default/production/power_meter.o
                    0x0001                  __MPLAB_BUILD = 0x1
LOAD p33EP128GM604
LOAD c:/program files/microchip/xc16/v2.10/bin/bin/../../lib\libfx-elf.a
                    0x155f0                  __FICD = 0x155f0
                    0x155f2                  __FPOR = 0x155f2
                    0x155f4                  __FWDT = 0x155f4
                    0x155f6                  __FOSC = 0x155f6
                    0x155f8                  __FOSCSEL = 0x155f8
                    0x155fa                  __FGS = 0x155fa
                    0x800ff8                  __FUID0 = 0x800ff8
                    0x800ffa                  __FUID1 = 0x800ffa
                    0x800ffc                  __FUID2 = 0x800ffc
                    0x800ffe                  __FUID3 = 0x800ffe
                    0x0200                  __CODE_BASE = 0x200
                    0x153ec                  __CODE_LENGTH = 0x153ec
                    0x0004                  __IVT_BASE = 0x4
                    0x1000                  __DATA_BASE = 0x1000
                    0x4000                  __DATA_LENGTH = 0x4000
                    0x3000                  __YDATA_BASE = 0x3000
                    0x5000                  __YDATA_END = 0x5000

.reset            0x000000          0x4
                  0x000000          0x2 SHORT 0x200 ABSOLUTE (__reset)
                  0x000001          0x2 SHORT 0x4
                  0x000002          0x2 SHORT 0x0 ((ABSOLUTE (__reset) >> 0x10) & 0x7f)
                  0x000003          0x2 SHORT 0x0

.text             0x000200       0x307c
 *(.init)
 .init            0x000200         0x48 c:/program files/microchip/xc16/v2.10/bin/bin/../../lib\libc99-pic30-elf.a(crt0_extendedep.o)
                  0x000200                  __resetPRI
                  0x000200                  __reset
                  0x00023c                  __psv_init
 .init            0x000248         0xb2 c:/program files/microchip/xc16/v2.10/bin/bin/../../lib\libc99-pic30-elf.a(data_init_extended.o)
                  0x000248                  __data_init
                  0x000248                  __data_init_extended
 *(.user_init)
 *(.handle)
 .handle          0x0002fa         0x3c jump_table
 *(.isr*)
 .isrerror_handler
                  0x000336         0xee build/default/production/mcc_generated_files/traps.o
                  0x000336                  __OscillatorFail
                  0x000356                  __StackError
                  0x000378                  __AddressError
                  0x000398                  __MathError
                  0x0003b8                  __DMACError
                  0x0003d8                  __HardTrapError
                  0x0003f8                  __SoftTrapError
 .isr.text        0x000424         0x40 build/default/production/mcc_generated_files/adc1.o
                  0x000424                  __AD1Interrupt
 .isr.text        0x000464         0x40 build/default/production/mcc_generated_files/adc2.o
                  0x000464                  __AD2Interrupt
 .isr.text        0x0004a4         0xe4 build/default/production/mcc_generated_files/uart4.o
                  0x0004a4                  __U4TXInterrupt
                  0x000506                  __U4RXInterrupt
                  0x000572                  __U4ErrInterrupt
 .isr.text        0x000588         0xe4 build/default/production/mcc_generated_files/uart3.o
                  0x000588                  __U3TXInterrupt
                  0x0005ea                  __U3RXInterrupt
                  0x000656                  __U3ErrInterrupt
 .isr.text        0x00066c         0xe4 build/default/production/mcc_generated_files/uart2.o
                  0x00066c                  __U2TXInterrupt
                  0x0006ce                  __U2RXInterrupt
                  0x00073a                  __U2ErrInterrupt
 .isr.text        0x000750         0xe4 build/default/production/mcc_generated_files/uart1.o
                  0x000750                  __U1TXInterrupt
                  0x0007b2                  __U1RXInterrupt
                  0x00081e                  __U1ErrInterrupt
 .isr.text        0x000834         0x46 build/default/production/mcc_generated_files/tmr2.o
                  0x000834                  __T2Interrupt
 .isr.text        0x00087a         0x36 build/default/production/mcc_generated_files/tmr3.o
                  0x00087a                  __T3Interrupt
 .isr.text        0x0008b0         0x1e build/default/production/mcc_generated_files/ext_int.o
                  0x0008b0                  __INT1Interrupt
 .isr             0x0008ce          0x4 default_isr
                  0x0008ce                  __DefaultInterrupt
 *(.libc)
 .libc            0x0008d2         0x12 c:/program files/microchip/xc16/v2.10/bin/bin/../../lib\libc99-pic30-elf.a(closeep.Meo)
                  0x0008d2                  _close
 *(.libm)
 *(.libdsp)
 *(.lib*)
 .libc.write      0x0008e4         0x38 build/default/production/mcc_generated_files/uart1.o
                  0x0008e4                  _write
 .libpic30_crt_start_mode
                  0x00091c          0x2 c:/program files/microchip/xc16/v2.10/bin/bin/../../lib\libc99-pic30-elf.a(crt_start_mode_normalep.Meo)
                  0x00091c                  __crt_start_mode
                  0x00091c                  __crt_start_mode_normal
 .libm.floatunsisf
                  0x00091e          0x4 c:/program files/microchip/xc16/v2.10/bin/bin/../../lib\libc99-pic30-elf.a(floatunsisf.EP_o)
                  0x00091e                  ___floatunsisf
 .libm.udivsi3    0x000922         0x20 c:/program files/microchip/xc16/v2.10/bin/bin/../../lib\libc99-pic30-elf.a(udivsi3.EP_o)
                  0x000922                  ___udivsi3
 .libm.umodsi3    0x000942          0x6 c:/program files/microchip/xc16/v2.10/bin/bin/../../lib\libc99-pic30-elf.a(umodsi3.EP_o)
                  0x000942                  ___umodsi3
 .libmx           0x000948        0x1dc c:/program files/microchip/xc16/v2.10/bin/bin/../../lib\libc99-pic30-elf.a(addsf3x.EP_o)
                  0x000948                  ___subsf3x
                  0x000948                  ___subsf3
                  0x00095a                  ___addsf3x
                  0x00095a                  ___addsf3
 .libmx           0x000b24        0x1be c:/program files/microchip/xc16/v2.10/bin/bin/../../lib\libc99-pic30-elf.a(divsf3x.EP_o)
                  0x000b24                  ___divsf3x
                  0x000b24                  ___divsf3
                  0x000cb6                  __sdivf
 .libmx           0x000ce2        0x10c c:/program files/microchip/xc16/v2.10/bin/bin/../../lib\libc99-pic30-elf.a(mulsf3x.EP_o)
                  0x000ce2                  ___mulsf3x
                  0x000ce2                  ___mulsf3
 .libmx           0x000dee         0x54 c:/program files/microchip/xc16/v2.10/bin/bin/../../lib\libc99-pic30-elf.a(dnrmpackfx.EP_o)
                  0x000dee                  __dnrmpackf
 .libmx           0x000e42         0x5e c:/program files/microchip/xc16/v2.10/bin/bin/../../lib\libc99-pic30-elf.a(unpackdnrmfx.EP_o)
                  0x000e42                  __unpackdnrmf
 .libmx           0x000ea0         0x34 c:/program files/microchip/xc16/v2.10/bin/bin/../../lib\libc99-pic30-elf.a(typefx.EP_o)
                  0x000ea0                  __typef
 .libmx           0x000ed4         0x12 c:/program files/microchip/xc16/v2.10/bin/bin/../../lib\libc99-pic30-elf.a(propnanfx.EP_o)
                  0x000ed4                  __propnanf
 .libmx           0x000ee6         0xa6 c:/program files/microchip/xc16/v2.10/bin/bin/../../lib\libc99-pic30-elf.a(spackfx.EP_o)
                  0x000ee6                  __spackf
 .libmx           0x000f8c         0x66 c:/program files/microchip/xc16/v2.10/bin/bin/../../lib\libc99-pic30-elf.a(unpackfx.EP_o)
                  0x000f8c                  __unpackf
 .libm.floatundisf
                  0x000ff2         0x5e c:/program files/microchip/xc16/v2.10/bin/bin/../../lib\libc99-pic30-elf.a(floatundisf.EP_o)
                  0x000ff2                  ___floatundisf
 .libm.fpack      0x001050         0x4c c:/program files/microchip/xc16/v2.10/bin/bin/../../lib\libc99-pic30-elf.a(fpack.EP_o)
                  0x001050                  __fpack
 .libc.__wrap_printf
                  0x00109c         0x10 c:/program files/microchip/xc16/v2.10/bin/bin/../../lib\libc99-elf.a(__sio_printf_dfosux.EP_o)
                  0x00109c                  __dprintf_cdfFnopsuxX
                  0x00109c                  __dprintf_cdeEfFgGnopsuxX
                  0x00109c                  __dprintf_cdgGnopsuxX
                  0x00109c                  __dprintf_cdeEfFnopsuxX
                  0x00109c                  __dprintf_cdfFgGnopsuxX
                  0x00109c                  __printf_cdeEgGnopsuxX
                  0x00109c                  __printf_cdeEnopsuxX
                  0x00109c                  __printf_cdeEfFnopsuxX
                  0x00109c                  __printf_cdfFgGnopsuxX
                  0x00109c                  __dprintf_cdeEnopsuxX
                  0x00109c                  __printf_cdeEfFgGnopsuxX
                  0x00109c                  __printf_cdgGnopsuxX
                  0x00109c                  __dprintf_cdeEgGnopsuxX
                  0x00109c                  __printf_cdfFnopsuxX
 .libc.__sio_printf_dfosux
                  0x0010ac         0x12 c:/program files/microchip/xc16/v2.10/bin/bin/../../lib\libc99-elf.a(__sio_printf_dfosux.EP_o)
                  0x0010ac                  ___sio_printf_dfosux
 .libc.__wrap_printf
                  0x0010be         0x10 c:/program files/microchip/xc16/v2.10/bin/bin/../../lib\libc99-elf.a(__sio_printf_dfoux.EP_o)
                  0x0010be                  __printf_cdgGnopuxX
                  0x0010be                  __printf_cdeEfFgGnopuxX
                  0x0010be                  __printf_cdfFnopuxX
                  0x0010be                  __dprintf_cdeEfFgGnopuxX
                  0x0010be                  __dprintf_cdgGnopuxX
                  0x0010be                  __dprintf_cdeEgGnopuxX
                  0x0010be                  __dprintf_cdeEfFnopuxX
                  0x0010be                  __printf_cdeEgGnopuxX
                  0x0010be                  __printf_cdeEnopuxX
                  0x0010be                  __printf_cdeEfFnopuxX
                  0x0010be                  __dprintf_cdfFnopuxX
                  0x0010be                  __dprintf_cdfFgGnopuxX
                  0x0010be                  __dprintf_cdeEnopuxX
                  0x0010be                  __printf_cdfFgGnopuxX
 .libc.__sio_printf_dfoux
                  0x0010ce         0x12 c:/program files/microchip/xc16/v2.10/bin/bin/../../lib\libc99-elf.a(__sio_printf_dfoux.EP_o)
                  0x0010ce                  ___sio_printf_dfoux
 .libc.__wrap_printf
                  0x0010e0         0x10 c:/program files/microchip/xc16/v2.10/bin/bin/../../lib\libc99-elf.a(__sio_printf_dosux.EP_o)
                  0x0010e0                  __dprintf_cdnopsuxX
                  0x0010e0                  __printf_cdnopsuxX
 .libc.__sio_printf_dosux
                  0x0010f0          0xe c:/program files/microchip/xc16/v2.10/bin/bin/../../lib\libc99-elf.a(__sio_printf_dosux.EP_o)
                  0x0010f0                  ___sio_printf_dosux
 .libc.__wrap_printf
                  0x0010fe         0x10 c:/program files/microchip/xc16/v2.10/bin/bin/../../lib\libc99-elf.a(__sio_printf_f.EP_o)
                  0x0010fe                  __printf_eE
                  0x0010fe                  __dprintf_eEfF
                  0x0010fe                  __dprintf_eE
                  0x0010fe                  __dprintf_fF
                  0x0010fe                  __printf_eEgG
                  0x0010fe                  __printf_fFgG
                  0x0010fe                  __printf_fF
                  0x0010fe                  __dprintf_eEgG
                  0x0010fe                  __printf_eEfF
                  0x0010fe                  __dprintf_gG
                  0x0010fe                  __dprintf_eEfFgG
                  0x0010fe                  __printf_gG
                  0x0010fe                  __dprintf_fFgG
                  0x0010fe                  __printf_eEfFgG
 .libc.__sio_printf_f
                  0x00110e          0x4 c:/program files/microchip/xc16/v2.10/bin/bin/../../lib\libc99-elf.a(__sio_printf_f.EP_o)
                  0x00110e                  ___sio_printf_f
 .libc.__wrap_sprintf
                  0x001112          0xc c:/program files/microchip/xc16/v2.10/bin/bin/../../lib\libc99-elf.a(__sio_sprintf_dfoux.EP_o)
                  0x001112                  __dsprintf_cdeEgGnopuxX
                  0x001112                  __sprintf_cdeEgGnopuxX
                  0x001112                  __sprintf_cdfFnopuxX
                  0x001112                  __dsprintf_cdgGnopuxX
                  0x001112                  __dsprintf_cdeEfFnopuxX
                  0x001112                  __dsprintf_cdeEfFgGnopuxX
                  0x001112                  __dsprintf_cdeEnopuxX
                  0x001112                  __sprintf_cdeEnopuxX
                  0x001112                  __dsprintf_cdfFgGnopuxX
                  0x001112                  __sprintf_cdfFgGnopuxX
                  0x001112                  __sprintf_cdeEfFgGnopuxX
                  0x001112                  __dsprintf_cdfFnopuxX
                  0x001112                  __sprintf_cdgGnopuxX
                  0x001112                  __sprintf_cdeEfFnopuxX
 .libc.__sio_sprintf_dfoux
                  0x00111e         0x12 c:/program files/microchip/xc16/v2.10/bin/bin/../../lib\libc99-elf.a(__sio_sprintf_dfoux.EP_o)
                  0x00111e                  ___sio_sprintf_dfoux
 .libc.memcpy     0x001130          0xe c:/program files/microchip/xc16/v2.10/bin/bin/../../lib\libc99-elf.a(memcpy.EP_o)
                  0x001130                  _memcpy
 .libc.memset     0x00113e         0xc8 c:/program files/microchip/xc16/v2.10/bin/bin/../../lib\libc99-elf.a(memset.EP_o)
                  0x00113e                  _memset
 .libc.printf     0x001206         0x10 c:/program files/microchip/xc16/v2.10/bin/bin/../../lib\libc99-elf.a(printf.EP_o)
                  0x001206                  _printf
 .libc.puts       0x001216         0x1a c:/program files/microchip/xc16/v2.10/bin/bin/../../lib\libc99-elf.a(puts.EP_o)
                  0x001216                  _puts
 .libc.__dummy0
                  0x001230          0x2 c:/program files/microchip/xc16/v2.10/bin/bin/../../lib\libc99-elf.a(stdout.EP_o)
                  0x001230                  ___stdio_seek
 .libc.__dummy    0x001232          0x4 c:/program files/microchip/xc16/v2.10/bin/bin/../../lib\libc99-elf.a(stdout.EP_o)
                  0x001232                  ___get_stdout
 .libc.__init_stdout
                  0x001236          0x8 c:/program files/microchip/xc16/v2.10/bin/bin/../../lib\libc99-elf.a(stdout.EP_o)
                  0x001236                  ___init_stdout
 .libc.strlen     0x00123e         0x30 c:/program files/microchip/xc16/v2.10/bin/bin/../../lib\libc99-elf.a(strlen.EP_o)
                  0x00123e                  _strlen
 .libc.vfprintf
                  0x00126e         0x1c c:/program files/microchip/xc16/v2.10/bin/bin/../../lib\libc99-elf.a(vfprintf.EP_o)
                  0x00126e                  _vfprintf
 .libc.__fmt_d    0x00128a         0xb8 c:/program files/microchip/xc16/v2.10/bin/bin/../../lib\libc99-elf.a(__fmt_d.EP_o)
                  0x00128a                  ___fmt_d
                  0x00128a                  ___fmt_d_needed
 .libc.__LONG_DOUBLE_BITS
                  0x001342          0x2 c:/program files/microchip/xc16/v2.10/bin/bin/../../lib\libc99-elf.a(__fmt_fp.EP_o)
 .libc.__fmt_fp
                  0x001344        0x5a6 c:/program files/microchip/xc16/v2.10/bin/bin/../../lib\libc99-elf.a(__fmt_fp.EP_o)
                  0x001344                  ___fmt_f_needed
                  0x001344                  ___fmt_fp
 .libc.__fmt_o    0x0018ea         0x72 c:/program files/microchip/xc16/v2.10/bin/bin/../../lib\libc99-elf.a(__fmt_o.EP_o)
                  0x0018ea                  ___fmt_o
                  0x0018ea                  ___fmt_o_needed
 .libc.__fmt_s    0x00195c         0x54 c:/program files/microchip/xc16/v2.10/bin/bin/../../lib\libc99-elf.a(__fmt_s.EP_o)
                  0x00195c                  ___fmt_0_needed
                  0x00195c                  ___fmt_s_needed
                  0x00195c                  ___fmt_s
 .libc.__cvt_u    0x0019b0         0xa6 c:/program files/microchip/xc16/v2.10/bin/bin/../../lib\libc99-elf.a(__fmt_u.EP_o)
                  0x0019b0                  ___cvt_u
 .libc.__fmt_u    0x001a56         0x56 c:/program files/microchip/xc16/v2.10/bin/bin/../../lib\libc99-elf.a(__fmt_u.EP_o)
                  0x001a56                  ___fmt_u
                  0x001a56                  ___fmt_u_needed
 .libc.__fmt_x    0x001aac        0x15e c:/program files/microchip/xc16/v2.10/bin/bin/../../lib\libc99-elf.a(__fmt_x.EP_o)
                  0x001aac                  ___fmt_x_needed
                  0x001aac                  ___fmt_x
 .libc.__vfprintf
                  0x001c0a         0x1c c:/program files/microchip/xc16/v2.10/bin/bin/../../lib\libc99-elf.a(__int_vfprintf.EP_o)
                  0x001c0a                  ___vfprintf
 .libc.__vsprintf
                  0x001c26          0x8 c:/program files/microchip/xc16/v2.10/bin/bin/../../lib\libc99-elf.a(__int_vsprintf.EP_o)
                  0x001c26                  ___vsprintf
 .libc.__string_out
                  0x001c2e         0x26 c:/program files/microchip/xc16/v2.10/bin/bin/../../lib\libc99-elf.a(__out.EP_o)
 .libc.__fwrite_min
                  0x001c54          0x4 c:/program files/microchip/xc16/v2.10/bin/bin/../../lib\libc99-elf.a(__out.EP_o)
                  0x001c54                  ___fwrite
                  0x001c54                  ___stdio_write
                  0x001c54                  ___stdio_write_unbuffered
 .libc.__out      0x001c58         0x10 c:/program files/microchip/xc16/v2.10/bin/bin/../../lib\libc99-elf.a(__out.EP_o)
                  0x001c58                  ___out_needed
                  0x001c58                  ___out
 .libc.__pop_float
                  0x001c68         0x44 c:/program files/microchip/xc16/v2.10/bin/bin/../../lib\libc99-elf.a(__pop_float.EP_o)
                  0x001c68                  ___pop_float
                  0x001c68                  ___pop_float_needed
 .libc.__pop_int
                  0x001cac         0xb0 c:/program files/microchip/xc16/v2.10/bin/bin/../../lib\libc99-elf.a(__pop_int.EP_o)
                  0x001cac                  ___pop_int
                  0x001cac                  ___pop_int_needed
 .libc.__pop_ptr
                  0x001d5c         0x70 c:/program files/microchip/xc16/v2.10/bin/bin/../../lib\libc99-elf.a(__pop_ptr.EP_o)
                  0x001d5c                  ___pop_ptr_needed
                  0x001d5c                  ___pop_ptr
 .libc.__string_out
                  0x001dcc         0x26 c:/program files/microchip/xc16/v2.10/bin/bin/../../lib\libc99-elf.a(__printf_core.EP_o)
 .libc.__pad      0x001df2         0x74 c:/program files/microchip/xc16/v2.10/bin/bin/../../lib\libc99-elf.a(__printf_core.EP_o)
                  0x001df2                  ___pad
 .libc.__dummy_fmt3
                  0x001e66          0x2 c:/program files/microchip/xc16/v2.10/bin/bin/../../lib\libc99-elf.a(__printf_core.EP_o)
 .libc.__dummy_fmt4
                  0x001e68          0x2 c:/program files/microchip/xc16/v2.10/bin/bin/../../lib\libc99-elf.a(__printf_core.EP_o)
 .libc.__dummy_fmts
                  0x001e6a          0x2 c:/program files/microchip/xc16/v2.10/bin/bin/../../lib\libc99-elf.a(__printf_core.EP_o)
 .libc.__fmt_state
                  0x001e6c         0x32 c:/program files/microchip/xc16/v2.10/bin/bin/../../lib\libc99-elf.a(__printf_core.EP_o)
                  0x001e6c                  ___fmt_state
 .libc.vfpfcnvrt.clone.0
                  0x001e9e        0x2d8 c:/program files/microchip/xc16/v2.10/bin/bin/../../lib\libc99-elf.a(__printf_core.EP_o)
 .libc.__printf_core
                  0x002176         0x40 c:/program files/microchip/xc16/v2.10/bin/bin/../../lib\libc99-elf.a(__printf_core.EP_o)
                  0x002176                  ___printf_core
 .libc.__stdio_close
                  0x0021b6         0x3e c:/program files/microchip/xc16/v2.10/bin/bin/../../lib\libc99-elf.a(__stdio_close.EP_o)
                  0x0021b6                  ___stdio_close
 .libc.__stdio_close_rw
                  0x0021f4         0x58 c:/program files/microchip/xc16/v2.10/bin/bin/../../lib\libc99-elf.a(__stdio_close.EP_o)
                  0x0021f4                  ___stdio_close_rw
 .libc.__isspace
                  0x00224c         0x14 c:/program files/microchip/xc16/v2.10/bin/bin/../../lib\libc99-elf.a(atoi.EP_o)
 .libc.atoi       0x002260         0x4c c:/program files/microchip/xc16/v2.10/bin/bin/../../lib\libc99-elf.a(atoi.EP_o)
                  0x002260                  _atoi
 .libc.fputs      0x0022ac         0x28 c:/program files/microchip/xc16/v2.10/bin/bin/../../lib\libc99-elf.a(fputs.EP_o)
                  0x0022ac                  _fputs_unlocked
                  0x0022ac                  _fputs
 .libc.__fwrite_min
                  0x0022d4          0x4 c:/program files/microchip/xc16/v2.10/bin/bin/../../lib\libc99-elf.a(fwrite.EP_o)
 .libc.fwrite     0x0022d8         0x2c c:/program files/microchip/xc16/v2.10/bin/bin/../../lib\libc99-elf.a(fwrite.EP_o)
                  0x0022d8                  _fwrite
                  0x0022d8                  _fwrite_unlocked
 .libc.__lseek    0x002304          0xc c:/program files/microchip/xc16/v2.10/bin/bin/../../lib\libc99-elf.a(lseek.EP_o)
                  0x002304                  _lseek
                  0x002304                  ___lseek
 .libc.__putc_unbuffered
                  0x002310         0x2e c:/program files/microchip/xc16/v2.10/bin/bin/../../lib\libc99-elf.a(putc.EP_o)
                  0x002310                  ___putc
                  0x002310                  ___putc_unbuffered
 .libc.putc       0x00233e          0x2 c:/program files/microchip/xc16/v2.10/bin/bin/../../lib\libc99-elf.a(putc.EP_o)
                  0x00233e                  _putc
                  0x00233e                  _fputc
                  0x00233e                  _putc_unlocked
                  0x00233e                  __IO_putc
 .libc.strcpy     0x002340          0xe c:/program files/microchip/xc16/v2.10/bin/bin/../../lib\libc99-elf.a(strcpy.EP_o)
                  0x002340                  _strcpy
 .libc.__syscall_ret
                  0x00234e         0x14 c:/program files/microchip/xc16/v2.10/bin/bin/../../lib\libc99-elf.a(syscall_ret.EP_o)
                  0x00234e                  ___syscall_ret
 .libc.tolower    0x002362          0xc c:/program files/microchip/xc16/v2.10/bin/bin/../../lib\libc99-elf.a(tolower.EP_o)
                  0x002362                  _tolower
 .libc.__tolower_l
                  0x00236e          0x2 c:/program files/microchip/xc16/v2.10/bin/bin/../../lib\libc99-elf.a(tolower.EP_o)
                  0x00236e                  ___tolower_l
                  0x00236e                  _tolower_l
 .libc.toupper    0x002370          0xc c:/program files/microchip/xc16/v2.10/bin/bin/../../lib\libc99-elf.a(toupper.EP_o)
                  0x002370                  _toupper
 .libc.__toupper_l
                  0x00237c          0x2 c:/program files/microchip/xc16/v2.10/bin/bin/../../lib\libc99-elf.a(toupper.EP_o)
                  0x00237c                  ___toupper_l
                  0x00237c                  _toupper_l
 .libc.__LONG_DOUBLE_BITS
                  0x00237e          0x2 c:/program files/microchip/xc16/v2.10/bin/bin/../../lib\libc99-elf.a(__fmt_a.EP_o)
 .libc.__fmt_a    0x002380        0x530 c:/program files/microchip/xc16/v2.10/bin/bin/../../lib\libc99-elf.a(__fmt_a.EP_o)
                  0x002380                  ___fmt_a_needed
                  0x002380                  ___fmt_a
 .libc.__dummy    0x0028b0          0x2 c:/program files/microchip/xc16/v2.10/bin/bin/../../lib\libc99-elf.a(__init_stdio.EP_o)
                  0x0028b0                  ___init_stderr
                  0x0028b0                  ___init_stdin
 .libc.__init_stdio
                  0x0028b2          0x6 c:/program files/microchip/xc16/v2.10/bin/bin/../../lib\libc99-elf.a(__init_stdio.EP_o)
                  0x0028b2                  ___init_stdio
                  0x0028b2                  ___init_stdio_needed
 .libc.__vsnprintf
                  0x0028b8         0x4a c:/program files/microchip/xc16/v2.10/bin/bin/../../lib\libc99-elf.a(__int_vsnprintf.EP_o)
                  0x0028b8                  ___vsnprintf
 .libc.__stpcpy
                  0x002902         0x40 c:/program files/microchip/xc16/v2.10/bin/bin/../../lib\libc99-elf.a(stpcpy.EP_o)
                  0x002902                  ___stpcpy
                  0x002902                  _stpcpy
 .libc.doclose    0x002942          0x4 c:/program files/microchip/xc16/v2.10/bin/bin/../../lib\libc99-pic30-elf.a(closeep.Meo)
 .libm.eqdf2      0x002946          0xa c:/program files/microchip/xc16/v2.10/bin/bin/../../lib\libc99-pic30-elf.a(deqltle.EP_o)
                  0x002946                  ___eqdf2
                  0x002946                  ___ltdf2
                  0x002946                  ___ledf2
 .libm.gtdf2      0x002950          0xa c:/program files/microchip/xc16/v2.10/bin/bin/../../lib\libc99-pic30-elf.a(dgtge.EP_o)
                  0x002950                  ___gtdf2
                  0x002950                  ___gedf2
 .libm.extendsfdf2
                  0x00295a         0x3e c:/program files/microchip/xc16/v2.10/bin/bin/../../lib\libc99-pic30-elf.a(extendsfdf.EP_o)
                  0x00295a                  ___extendsfdf2
 .libm.fixdfsi    0x002998         0x58 c:/program files/microchip/xc16/v2.10/bin/bin/../../lib\libc99-pic30-elf.a(fixdfsi.EP_o)
                  0x002998                  _(float, int, long long, double, float, short, int)
 .libm.funpack    0x0029f0         0x2a c:/program files/microchip/xc16/v2.10/bin/bin/../../lib\libc99-pic30-elf.a(funpack.EP_o)
                  0x0029f0                  __funpack
 .libm.mulsi3     0x002a1a          0xc c:/program files/microchip/xc16/v2.10/bin/bin/../../lib\libc99-pic30-elf.a(mulsi3.EP_o)
                  0x002a1a                  ___mulp32peds3
                  0x002a1a                  ___mulsi3
                  0x002a1a                  ___mulp32eds3
 .lib_dpfops      0x002a26         0xa2 c:/program files/microchip/xc16/v2.10/bin/bin/../../lib\libc99-pic30-elf.a(dpadd.EP_o)
                  0x002a26                  ___subdf3
                  0x002a32                  ___adddf3
 .lib_dpfops      0x002ac8        0x15e c:/program files/microchip/xc16/v2.10/bin/bin/../../lib\libc99-pic30-elf.a(dpdiv.EP_o)
                  0x002ac8                  ___divdf3
 .lib_dpfops      0x002c26        0x11a c:/program files/microchip/xc16/v2.10/bin/bin/../../lib\libc99-pic30-elf.a(dpmul.EP_o)
                  0x002c26                  ___muldf3
 .lib_dpfops      0x002d40        0x128 c:/program files/microchip/xc16/v2.10/bin/bin/../../lib\libc99-pic30-elf.a(dpsubs.EP_o)
                  0x002d5a                  __dxchg
                  0x002d68                  __drshft
                  0x002dc2                  __dupchk
                  0x002e24                  __drndex
                  0x002e2e                  __dnsrnd
                  0x002e5a                  __dpakex
 .libm.__PplusBdi
                  0x002e68         0x26 c:/program files/microchip/xc16/v2.10/bin/bin/../../lib\libc99-pic30-elf.a(divmoddi3.EP_o)
 .libm.__PminusBdi
                  0x002e8e         0x2a c:/program files/microchip/xc16/v2.10/bin/bin/../../lib\libc99-pic30-elf.a(divmoddi3.EP_o)
 .libm.__udivmoddi3
                  0x002eb8         0xe6 c:/program files/microchip/xc16/v2.10/bin/bin/../../lib\libc99-pic30-elf.a(divmoddi3.EP_o)
                  0x002eb8                  ___udivmoddi3
 .libm.__udivdi3
                  0x002f9e          0xe c:/program files/microchip/xc16/v2.10/bin/bin/../../lib\libc99-pic30-elf.a(divmoddi3.EP_o)
                  0x002f9e                  ___udivdi3
 .libm.__umoddi3
                  0x002fac          0x8 c:/program files/microchip/xc16/v2.10/bin/bin/../../lib\libc99-pic30-elf.a(divmoddi3.EP_o)
                  0x002fac                  ___umoddi3
 .libm.__divdi3
                  0x002fb4         0x60 c:/program files/microchip/xc16/v2.10/bin/bin/../../lib\libc99-pic30-elf.a(divmoddi3.EP_o)
                  0x002fb4                  ___divdi3
 .libm.__moddi3
                  0x003014         0x5c c:/program files/microchip/xc16/v2.10/bin/bin/../../lib\libc99-pic30-elf.a(divmoddi3.EP_o)
                  0x003014                  ___moddi3
 .libm.dcompare
                  0x003070         0x52 c:/program files/microchip/xc16/v2.10/bin/bin/../../lib\libc99-pic30-elf.a(dcompare.EP_o)
                  0x003070                  __dcompare
 .libm.dtype      0x0030c2         0x24 c:/program files/microchip/xc16/v2.10/bin/bin/../../lib\libc99-pic30-elf.a(dtype.EP_o)
                  0x0030c2                  __dtype
 .libm.dunpack    0x0030e6         0x4e c:/program files/microchip/xc16/v2.10/bin/bin/../../lib\libc99-pic30-elf.a(dunpack.EP_o)
                  0x0030e6                  __dunpack
 .libm.dunpack2
                  0x003134         0x32 c:/program files/microchip/xc16/v2.10/bin/bin/../../lib\libc99-pic30-elf.a(dunpack2.EP_o)
                  0x003134                  __dunpack2
                  0x003156                  __dreturnNaN
                  0x00315c                  __dunpack2exit
 .libm.dPropagateNaN
                  0x003166         0x1e c:/program files/microchip/xc16/v2.10/bin/bin/../../lib\libc99-pic30-elf.a(dpropagateNaN.EP_o)
                  0x003166                  __dPropagateNaN
 .libc.floorl     0x003184         0xf8 c:/program files/microchip/xc16/v2.10/bin/bin/../../lib\libm-elf.a(floorl.EP_o)
                  0x003184                  _floorl

usercode
 *(usercode)

__FICD
 *(__FICD.sec*)

__FPOR
 *(__FPOR.sec*)

__FWDT
 *(__FWDT.sec*)

__FOSC
 *(__FOSC.sec*)

__FOSCSEL
 *(__FOSCSEL.sec*)

__FGS             0x0155fa          0x2
 *(__FGS.sec*)
 __FGS.sec        0x0155fa          0x2 /CW/_FGSÐz
                  0x0155fa                  __FGS.sec

__FUID0
 *(__FUID0.sec*)

__FUID1
 *(__FUID1.sec*)

__FUID2
 *(__FUID2.sec*)

__FUID3
 *(__FUID3.sec*)

.comment
 *(.comment)

.debug_info       0x000000      0x3ab33
 *(.debug_info)
 .debug_info      0x000000        0x86f build/default/production/mcc_generated_files/spi2.o
 .debug_info      0x00086f       0x47fc build/default/production/mcc_generated_files/system.o
 .debug_info      0x00506b       0x323f build/default/production/mcc_generated_files/pwm.o
 .debug_info      0x0082aa        0x5dd build/default/production/mcc_generated_files/traps.o
 .debug_info      0x008887        0x433 build/default/production/mcc_generated_files/clock.o
 .debug_info      0x008cba        0xfaa build/default/production/mcc_generated_files/interrupt_manager.o
 .debug_info      0x009c64       0x1094 build/default/production/mcc_generated_files/adc1.o
 .debug_info      0x00acf8       0x110b build/default/production/mcc_generated_files/adc2.o
 .debug_info      0x00be03        0xf45 build/default/production/mcc_generated_files/uart4.o
 .debug_info      0x00cd48        0xf45 build/default/production/mcc_generated_files/uart3.o
 .debug_info      0x00dc8d       0x110b build/default/production/mcc_generated_files/uart2.o
 .debug_info      0x00ed98       0x114b build/default/production/mcc_generated_files/uart1.o
 .debug_info      0x00fee3       0x14da build/default/production/mcc_generated_files/pin_manager.o
 .debug_info      0x0113bd        0x498 build/default/production/mcc_generated_files/reset.o
 .debug_info      0x011855        0x8b7 build/default/production/mcc_generated_files/tmr2.o
 .debug_info      0x01210c        0x1d2 build/default/production/mcc_generated_files/delay.o
 .debug_info      0x0122de        0x880 build/default/production/mcc_generated_files/tmr3.o
 .debug_info      0x012b5e       0x3dbd build/default/production/mcc_generated_files/ext_int.o
 .debug_info      0x01691b       0x3930 build/default/production/main.o
 .debug_info      0x01a24b       0x3b41 build/default/production/led_control.o
 .debug_info      0x01dd8c       0x46bc build/default/production/app.o
 .debug_info      0x022448       0x3a5e build/default/production/function_api.o
 .debug_info      0x025ea6       0x3f2c build/default/production/timer_api.o
 .debug_info      0x029dd2       0x4608 build/default/production/uart_api.o
 .debug_info      0x02e3da       0x3a36 build/default/production/relay_control.o
 .debug_info      0x031e10       0x3f60 build/default/production/engineer_mode.o
 .debug_info      0x035d70       0x3cb3 build/default/production/power_meter.o
 .debug_info      0x039a23         0x91 c:/program files/microchip/xc16/v2.10/bin/bin/../../lib\libc99-pic30-elf.a(floatunsisf.EP_o)
 .debug_info      0x039ab4         0x8d c:/program files/microchip/xc16/v2.10/bin/bin/../../lib\libc99-pic30-elf.a(udivsi3.EP_o)
 .debug_info      0x039b41         0x8d c:/program files/microchip/xc16/v2.10/bin/bin/../../lib\libc99-pic30-elf.a(umodsi3.EP_o)
 .debug_info      0x039bce         0x9d c:/program files/microchip/xc16/v2.10/bin/bin/../../lib\libc99-pic30-elf.a(addsf3x.EP_o)
 .debug_info      0x039c6b         0x9d c:/program files/microchip/xc16/v2.10/bin/bin/../../lib\libc99-pic30-elf.a(divsf3x.EP_o)
 .debug_info      0x039d08         0x9d c:/program files/microchip/xc16/v2.10/bin/bin/../../lib\libc99-pic30-elf.a(mulsf3x.EP_o)
 .debug_info      0x039da5         0xa0 c:/program files/microchip/xc16/v2.10/bin/bin/../../lib\libc99-pic30-elf.a(dnrmpackfx.EP_o)
 .debug_info      0x039e45         0xa2 c:/program files/microchip/xc16/v2.10/bin/bin/../../lib\libc99-pic30-elf.a(unpackdnrmfx.EP_o)
 .debug_info      0x039ee7         0x9c c:/program files/microchip/xc16/v2.10/bin/bin/../../lib\libc99-pic30-elf.a(typefx.EP_o)
 .debug_info      0x039f83         0x9f c:/program files/microchip/xc16/v2.10/bin/bin/../../lib\libc99-pic30-elf.a(propnanfx.EP_o)
 .debug_info      0x03a022         0x9d c:/program files/microchip/xc16/v2.10/bin/bin/../../lib\libc99-pic30-elf.a(spackfx.EP_o)
 .debug_info      0x03a0bf         0x9e c:/program files/microchip/xc16/v2.10/bin/bin/../../lib\libc99-pic30-elf.a(unpackfx.EP_o)
 .debug_info      0x03a15d         0x91 c:/program files/microchip/xc16/v2.10/bin/bin/../../lib\libc99-pic30-elf.a(floatundisf.EP_o)
 .debug_info      0x03a1ee         0x8b c:/program files/microchip/xc16/v2.10/bin/bin/../../lib\libc99-pic30-elf.a(fpack.EP_o)
 .debug_info      0x03a279         0x8d c:/program files/microchip/xc16/v2.10/bin/bin/../../lib\libc99-pic30-elf.a(deqltle.EP_o)
 .debug_info      0x03a306         0x8b c:/program files/microchip/xc16/v2.10/bin/bin/../../lib\libc99-pic30-elf.a(dgtge.EP_o)
 .debug_info      0x03a391         0x90 c:/program files/microchip/xc16/v2.10/bin/bin/../../lib\libc99-pic30-elf.a(extendsfdf.EP_o)
 .debug_info      0x03a421         0x8d c:/program files/microchip/xc16/v2.10/bin/bin/../../lib\libc99-pic30-elf.a(fixdfsi.EP_o)
 .debug_info      0x03a4ae         0x8d c:/program files/microchip/xc16/v2.10/bin/bin/../../lib\libc99-pic30-elf.a(funpack.EP_o)
 .debug_info      0x03a53b         0x8c c:/program files/microchip/xc16/v2.10/bin/bin/../../lib\libc99-pic30-elf.a(mulsi3.EP_o)
 .debug_info      0x03a5c7         0xa9 c:/program files/microchip/xc16/v2.10/bin/bin/../../lib\libc99-pic30-elf.a(dpadd.EP_o)
 .debug_info      0x03a670         0xa9 c:/program files/microchip/xc16/v2.10/bin/bin/../../lib\libc99-pic30-elf.a(dpdiv.EP_o)
 .debug_info      0x03a719         0xa9 c:/program files/microchip/xc16/v2.10/bin/bin/../../lib\libc99-pic30-elf.a(dpmul.EP_o)
 .debug_info      0x03a7c2         0xaa c:/program files/microchip/xc16/v2.10/bin/bin/../../lib\libc99-pic30-elf.a(dpsubs.EP_o)
 .debug_info      0x03a86c         0x8e c:/program files/microchip/xc16/v2.10/bin/bin/../../lib\libc99-pic30-elf.a(dcompare.EP_o)
 .debug_info      0x03a8fa         0x8b c:/program files/microchip/xc16/v2.10/bin/bin/../../lib\libc99-pic30-elf.a(dtype.EP_o)
 .debug_info      0x03a985         0x8d c:/program files/microchip/xc16/v2.10/bin/bin/../../lib\libc99-pic30-elf.a(dunpack.EP_o)
 .debug_info      0x03aa12         0x8e c:/program files/microchip/xc16/v2.10/bin/bin/../../lib\libc99-pic30-elf.a(dunpack2.EP_o)
 .debug_info      0x03aaa0         0x93 c:/program files/microchip/xc16/v2.10/bin/bin/../../lib\libc99-pic30-elf.a(dpropagateNaN.EP_o)
 *(.gnu.linkonce.wi.*)

.debug_abbrev     0x000000       0x274d
 *(.debug_abbrev)
 .debug_abbrev    0x000000        0x158 build/default/production/mcc_generated_files/spi2.o
 .debug_abbrev    0x000158        0x13a build/default/production/mcc_generated_files/system.o
 .debug_abbrev    0x000292         0xef build/default/production/mcc_generated_files/pwm.o
 .debug_abbrev    0x000381        0x10d build/default/production/mcc_generated_files/traps.o
 .debug_abbrev    0x00048e          0x1 build/default/production/mcc_generated_files/mcc.o
 .debug_abbrev    0x00048f         0xc5 build/default/production/mcc_generated_files/clock.o
 .debug_abbrev    0x000554         0xb4 build/default/production/mcc_generated_files/interrupt_manager.o
 .debug_abbrev    0x000608        0x111 build/default/production/mcc_generated_files/adc1.o
 .debug_abbrev    0x000719        0x111 build/default/production/mcc_generated_files/adc2.o
 .debug_abbrev    0x00082a        0x21c build/default/production/mcc_generated_files/uart4.o
 .debug_abbrev    0x000a46        0x21c build/default/production/mcc_generated_files/uart3.o
 .debug_abbrev    0x000c62        0x21c build/default/production/mcc_generated_files/uart2.o
 .debug_abbrev    0x000e7e        0x223 build/default/production/mcc_generated_files/uart1.o
 .debug_abbrev    0x0010a1         0xc5 build/default/production/mcc_generated_files/pin_manager.o
 .debug_abbrev    0x001166         0xf6 build/default/production/mcc_generated_files/reset.o
 .debug_abbrev    0x00125c        0x18f build/default/production/mcc_generated_files/tmr2.o
 .debug_abbrev    0x0013eb         0x67 build/default/production/mcc_generated_files/delay.o
 .debug_abbrev    0x001452        0x18d build/default/production/mcc_generated_files/tmr3.o
 .debug_abbrev    0x0015df        0x12a build/default/production/mcc_generated_files/ext_int.o
 .debug_abbrev    0x001709        0x100 build/default/production/main.o
 .debug_abbrev    0x001809        0x140 build/default/production/led_control.o
 .debug_abbrev    0x001949        0x25e build/default/production/app.o
 .debug_abbrev    0x001ba7        0x146 build/default/production/function_api.o
 .debug_abbrev    0x001ced        0x15f build/default/production/timer_api.o
 .debug_abbrev    0x001e4c        0x26e build/default/production/uart_api.o
 .debug_abbrev    0x0020ba        0x136 build/default/production/relay_control.o
 .debug_abbrev    0x0021f0        0x17f build/default/production/engineer_mode.o
 .debug_abbrev    0x00236f        0x19a build/default/production/power_meter.o
 .debug_abbrev    0x002509         0x14 c:/program files/microchip/xc16/v2.10/bin/bin/../../lib\libc99-pic30-elf.a(floatunsisf.EP_o)
 .debug_abbrev    0x00251d         0x14 c:/program files/microchip/xc16/v2.10/bin/bin/../../lib\libc99-pic30-elf.a(udivsi3.EP_o)
 .debug_abbrev    0x002531         0x14 c:/program files/microchip/xc16/v2.10/bin/bin/../../lib\libc99-pic30-elf.a(umodsi3.EP_o)
 .debug_abbrev    0x002545         0x14 c:/program files/microchip/xc16/v2.10/bin/bin/../../lib\libc99-pic30-elf.a(addsf3x.EP_o)
 .debug_abbrev    0x002559         0x14 c:/program files/microchip/xc16/v2.10/bin/bin/../../lib\libc99-pic30-elf.a(divsf3x.EP_o)
 .debug_abbrev    0x00256d         0x14 c:/program files/microchip/xc16/v2.10/bin/bin/../../lib\libc99-pic30-elf.a(mulsf3x.EP_o)
 .debug_abbrev    0x002581         0x14 c:/program files/microchip/xc16/v2.10/bin/bin/../../lib\libc99-pic30-elf.a(dnrmpackfx.EP_o)
 .debug_abbrev    0x002595         0x14 c:/program files/microchip/xc16/v2.10/bin/bin/../../lib\libc99-pic30-elf.a(unpackdnrmfx.EP_o)
 .debug_abbrev    0x0025a9         0x14 c:/program files/microchip/xc16/v2.10/bin/bin/../../lib\libc99-pic30-elf.a(typefx.EP_o)
 .debug_abbrev    0x0025bd         0x14 c:/program files/microchip/xc16/v2.10/bin/bin/../../lib\libc99-pic30-elf.a(propnanfx.EP_o)
 .debug_abbrev    0x0025d1         0x14 c:/program files/microchip/xc16/v2.10/bin/bin/../../lib\libc99-pic30-elf.a(spackfx.EP_o)
 .debug_abbrev    0x0025e5         0x14 c:/program files/microchip/xc16/v2.10/bin/bin/../../lib\libc99-pic30-elf.a(unpackfx.EP_o)
 .debug_abbrev    0x0025f9         0x14 c:/program files/microchip/xc16/v2.10/bin/bin/../../lib\libc99-pic30-elf.a(floatundisf.EP_o)
 .debug_abbrev    0x00260d         0x14 c:/program files/microchip/xc16/v2.10/bin/bin/../../lib\libc99-pic30-elf.a(fpack.EP_o)
 .debug_abbrev    0x002621         0x14 c:/program files/microchip/xc16/v2.10/bin/bin/../../lib\libc99-pic30-elf.a(deqltle.EP_o)
 .debug_abbrev    0x002635         0x14 c:/program files/microchip/xc16/v2.10/bin/bin/../../lib\libc99-pic30-elf.a(dgtge.EP_o)
 .debug_abbrev    0x002649         0x14 c:/program files/microchip/xc16/v2.10/bin/bin/../../lib\libc99-pic30-elf.a(extendsfdf.EP_o)
 .debug_abbrev    0x00265d         0x14 c:/program files/microchip/xc16/v2.10/bin/bin/../../lib\libc99-pic30-elf.a(fixdfsi.EP_o)
 .debug_abbrev    0x002671         0x14 c:/program files/microchip/xc16/v2.10/bin/bin/../../lib\libc99-pic30-elf.a(funpack.EP_o)
 .debug_abbrev    0x002685         0x14 c:/program files/microchip/xc16/v2.10/bin/bin/../../lib\libc99-pic30-elf.a(mulsi3.EP_o)
 .debug_abbrev    0x002699         0x14 c:/program files/microchip/xc16/v2.10/bin/bin/../../lib\libc99-pic30-elf.a(dpadd.EP_o)
 .debug_abbrev    0x0026ad         0x14 c:/program files/microchip/xc16/v2.10/bin/bin/../../lib\libc99-pic30-elf.a(dpdiv.EP_o)
 .debug_abbrev    0x0026c1         0x14 c:/program files/microchip/xc16/v2.10/bin/bin/../../lib\libc99-pic30-elf.a(dpmul.EP_o)
 .debug_abbrev    0x0026d5         0x14 c:/program files/microchip/xc16/v2.10/bin/bin/../../lib\libc99-pic30-elf.a(dpsubs.EP_o)
 .debug_abbrev    0x0026e9         0x14 c:/program files/microchip/xc16/v2.10/bin/bin/../../lib\libc99-pic30-elf.a(dcompare.EP_o)
 .debug_abbrev    0x0026fd         0x14 c:/program files/microchip/xc16/v2.10/bin/bin/../../lib\libc99-pic30-elf.a(dtype.EP_o)
 .debug_abbrev    0x002711         0x14 c:/program files/microchip/xc16/v2.10/bin/bin/../../lib\libc99-pic30-elf.a(dunpack.EP_o)
 .debug_abbrev    0x002725         0x14 c:/program files/microchip/xc16/v2.10/bin/bin/../../lib\libc99-pic30-elf.a(dunpack2.EP_o)
 .debug_abbrev    0x002739         0x14 c:/program files/microchip/xc16/v2.10/bin/bin/../../lib\libc99-pic30-elf.a(dpropagateNaN.EP_o)

.debug_line       0x000000       0x3c46
 *(.debug_line)
 .debug_line      0x000000        0x173 build/default/production/mcc_generated_files/spi2.o
 .debug_line      0x000173        0x17b build/default/production/mcc_generated_files/system.o
 .debug_line      0x0002ee        0x1b4 build/default/production/mcc_generated_files/pwm.o
 .debug_line      0x0004a2        0x169 build/default/production/mcc_generated_files/traps.o
 .debug_line      0x00060b         0x1a build/default/production/mcc_generated_files/mcc.o
 .debug_line      0x000625        0x134 build/default/production/mcc_generated_files/clock.o
 .debug_line      0x000759        0x143 build/default/production/mcc_generated_files/interrupt_manager.o
 .debug_line      0x00089c        0x14a build/default/production/mcc_generated_files/adc1.o
 .debug_line      0x0009e6        0x14a build/default/production/mcc_generated_files/adc2.o
 .debug_line      0x000b30        0x216 build/default/production/mcc_generated_files/uart4.o
 .debug_line      0x000d46        0x20e build/default/production/mcc_generated_files/uart3.o
 .debug_line      0x000f54        0x216 build/default/production/mcc_generated_files/uart2.o
 .debug_line      0x00116a        0x231 build/default/production/mcc_generated_files/uart1.o
 .debug_line      0x00139b        0x150 build/default/production/mcc_generated_files/pin_manager.o
 .debug_line      0x0014eb        0x172 build/default/production/mcc_generated_files/reset.o
 .debug_line      0x00165d        0x172 build/default/production/mcc_generated_files/tmr2.o
 .debug_line      0x0017cf         0xa6 build/default/production/mcc_generated_files/delay.o
 .debug_line      0x001875        0x170 build/default/production/mcc_generated_files/tmr3.o
 .debug_line      0x0019e5        0x165 build/default/production/mcc_generated_files/ext_int.o
 .debug_line      0x001b4a        0x15d build/default/production/main.o
 .debug_line      0x001ca7        0x574 build/default/production/led_control.o
 .debug_line      0x00221b        0x2ed build/default/production/app.o
 .debug_line      0x002508        0x138 build/default/production/function_api.o
 .debug_line      0x002640        0x14e build/default/production/timer_api.o
 .debug_line      0x00278e        0x23f build/default/production/uart_api.o
 .debug_line      0x0029cd        0x177 build/default/production/relay_control.o
 .debug_line      0x002b44        0x156 build/default/production/engineer_mode.o
 .debug_line      0x002c9a        0x18d build/default/production/power_meter.o
 .debug_line      0x002e27         0x3b c:/program files/microchip/xc16/v2.10/bin/bin/../../lib\libc99-pic30-elf.a(floatunsisf.EP_o)
 .debug_line      0x002e62         0x45 c:/program files/microchip/xc16/v2.10/bin/bin/../../lib\libc99-pic30-elf.a(udivsi3.EP_o)
 .debug_line      0x002ea7         0x38 c:/program files/microchip/xc16/v2.10/bin/bin/../../lib\libc99-pic30-elf.a(umodsi3.EP_o)
 .debug_line      0x002edf        0x136 c:/program files/microchip/xc16/v2.10/bin/bin/../../lib\libc99-pic30-elf.a(addsf3x.EP_o)
 .debug_line      0x003015        0x124 c:/program files/microchip/xc16/v2.10/bin/bin/../../lib\libc99-pic30-elf.a(divsf3x.EP_o)
 .debug_line      0x003139         0xcc c:/program files/microchip/xc16/v2.10/bin/bin/../../lib\libc99-pic30-elf.a(mulsf3x.EP_o)
 .debug_line      0x003205         0x72 c:/program files/microchip/xc16/v2.10/bin/bin/../../lib\libc99-pic30-elf.a(dnrmpackfx.EP_o)
 .debug_line      0x003277         0x7a c:/program files/microchip/xc16/v2.10/bin/bin/../../lib\libc99-pic30-elf.a(unpackdnrmfx.EP_o)
 .debug_line      0x0032f1         0x5e c:/program files/microchip/xc16/v2.10/bin/bin/../../lib\libc99-pic30-elf.a(typefx.EP_o)
 .debug_line      0x00334f         0x51 c:/program files/microchip/xc16/v2.10/bin/bin/../../lib\libc99-pic30-elf.a(propnanfx.EP_o)
 .debug_line      0x0033a0         0x98 c:/program files/microchip/xc16/v2.10/bin/bin/../../lib\libc99-pic30-elf.a(spackfx.EP_o)
 .debug_line      0x003438         0x79 c:/program files/microchip/xc16/v2.10/bin/bin/../../lib\libc99-pic30-elf.a(unpackfx.EP_o)
 .debug_line      0x0034b1         0x1a c:/program files/microchip/xc16/v2.10/bin/bin/../../lib\libc99-pic30-elf.a(errno.EP_o)
 .debug_line      0x0034cb         0x6c c:/program files/microchip/xc16/v2.10/bin/bin/../../lib\libc99-pic30-elf.a(floatundisf.EP_o)
 .debug_line      0x003537         0x5a c:/program files/microchip/xc16/v2.10/bin/bin/../../lib\libc99-pic30-elf.a(fpack.EP_o)
 .debug_line      0x003591         0x3a c:/program files/microchip/xc16/v2.10/bin/bin/../../lib\libc99-pic30-elf.a(deqltle.EP_o)
 .debug_line      0x0035cb         0x38 c:/program files/microchip/xc16/v2.10/bin/bin/../../lib\libc99-pic30-elf.a(dgtge.EP_o)
 .debug_line      0x003603         0x59 c:/program files/microchip/xc16/v2.10/bin/bin/../../lib\libc99-pic30-elf.a(extendsfdf.EP_o)
 .debug_line      0x00365c         0x61 c:/program files/microchip/xc16/v2.10/bin/bin/../../lib\libc99-pic30-elf.a(fixdfsi.EP_o)
 .debug_line      0x0036bd         0x4a c:/program files/microchip/xc16/v2.10/bin/bin/../../lib\libc99-pic30-elf.a(funpack.EP_o)
 .debug_line      0x003707         0x3a c:/program files/microchip/xc16/v2.10/bin/bin/../../lib\libc99-pic30-elf.a(mulsi3.EP_o)
 .debug_line      0x003741         0xa2 c:/program files/microchip/xc16/v2.10/bin/bin/../../lib\libc99-pic30-elf.a(dpadd.EP_o)
 .debug_line      0x0037e3        0x100 c:/program files/microchip/xc16/v2.10/bin/bin/../../lib\libc99-pic30-elf.a(dpdiv.EP_o)
 .debug_line      0x0038e3         0xde c:/program files/microchip/xc16/v2.10/bin/bin/../../lib\libc99-pic30-elf.a(dpmul.EP_o)
 .debug_line      0x0039c1         0xe8 c:/program files/microchip/xc16/v2.10/bin/bin/../../lib\libc99-pic30-elf.a(dpsubs.EP_o)
 .debug_line      0x003aa9         0x5f c:/program files/microchip/xc16/v2.10/bin/bin/../../lib\libc99-pic30-elf.a(dcompare.EP_o)
 .debug_line      0x003b08         0x45 c:/program files/microchip/xc16/v2.10/bin/bin/../../lib\libc99-pic30-elf.a(dtype.EP_o)
 .debug_line      0x003b4d         0x5c c:/program files/microchip/xc16/v2.10/bin/bin/../../lib\libc99-pic30-elf.a(dunpack.EP_o)
 .debug_line      0x003ba9         0x53 c:/program files/microchip/xc16/v2.10/bin/bin/../../lib\libc99-pic30-elf.a(dunpack2.EP_o)
 .debug_line      0x003bfc         0x4a c:/program files/microchip/xc16/v2.10/bin/bin/../../lib\libc99-pic30-elf.a(dpropagateNaN.EP_o)

.debug_frame      0x000000       0x1f3e
 *(.debug_frame)
 .debug_frame     0x000000         0xb0 build/default/production/mcc_generated_files/spi2.o
 .debug_frame     0x0000b0         0x62 build/default/production/mcc_generated_files/system.o
 .debug_frame     0x000112        0x19a build/default/production/mcc_generated_files/pwm.o
 .debug_frame     0x0002ac        0x1fa build/default/production/mcc_generated_files/traps.o
 .debug_frame     0x0004a6         0x2e build/default/production/mcc_generated_files/clock.o
 .debug_frame     0x0004d4         0x2e build/default/production/mcc_generated_files/interrupt_manager.o
 .debug_frame     0x000502         0xa8 build/default/production/mcc_generated_files/adc1.o
 .debug_frame     0x0005aa         0xa8 build/default/production/mcc_generated_files/adc2.o
 .debug_frame     0x000652        0x30a build/default/production/mcc_generated_files/uart4.o
 .debug_frame     0x00095c        0x30a build/default/production/mcc_generated_files/uart3.o
 .debug_frame     0x000c66        0x30a build/default/production/mcc_generated_files/uart2.o
 .debug_frame     0x000f70        0x324 build/default/production/mcc_generated_files/uart1.o
 .debug_frame     0x001294         0x2e build/default/production/mcc_generated_files/pin_manager.o
 .debug_frame     0x0012c2        0x118 build/default/production/mcc_generated_files/reset.o
 .debug_frame     0x0013da        0x18a build/default/production/mcc_generated_files/tmr2.o
 .debug_frame     0x001564         0x48 build/default/production/mcc_generated_files/delay.o
 .debug_frame     0x0015ac        0x18a build/default/production/mcc_generated_files/tmr3.o
 .debug_frame     0x001736         0x86 build/default/production/mcc_generated_files/ext_int.o
 .debug_frame     0x0017bc         0x8a build/default/production/main.o
 .debug_frame     0x001846         0xe4 build/default/production/led_control.o
 .debug_frame     0x00192a        0x24c build/default/production/app.o
 .debug_frame     0x001b76         0x62 build/default/production/function_api.o
 .debug_frame     0x001bd8         0x62 build/default/production/timer_api.o
 .debug_frame     0x001c3a        0x142 build/default/production/uart_api.o
 .debug_frame     0x001d7c         0xca build/default/production/relay_control.o
 .debug_frame     0x001e46         0x96 build/default/production/engineer_mode.o
 .debug_frame     0x001edc         0x62 build/default/production/power_meter.o

.debug_str        0x000000       0x27ee
 *(.debug_str)
 .debug_str       0x000000         0x5a build/default/production/mcc_generated_files/spi2.o
 .debug_str       0x00005a        0x39a build/default/production/mcc_generated_files/system.o
 .debug_str       0x0003f4        0x22f build/default/production/mcc_generated_files/pwm.o
 .debug_str       0x000623         0x24 build/default/production/mcc_generated_files/traps.o
 .debug_str       0x000647          0xb build/default/production/mcc_generated_files/clock.o
 .debug_str       0x000652         0x55 build/default/production/mcc_generated_files/interrupt_manager.o
 .debug_str       0x0006a7         0x87 build/default/production/mcc_generated_files/adc1.o
 .debug_str       0x00072e         0x87 build/default/production/mcc_generated_files/adc2.o
 .debug_str       0x0007b5         0xa3 build/default/production/mcc_generated_files/uart4.o
 .debug_str       0x000858         0xa3 build/default/production/mcc_generated_files/uart3.o
 .debug_str       0x0008fb         0xac build/default/production/mcc_generated_files/uart2.o
 .debug_str       0x0009a7         0xb3 build/default/production/mcc_generated_files/uart1.o
 .debug_str       0x000a5a         0x79 build/default/production/mcc_generated_files/pin_manager.o
 .debug_str       0x000ad3         0x17 build/default/production/mcc_generated_files/reset.o
 .debug_str       0x000aea         0x32 build/default/production/mcc_generated_files/tmr2.o
 .debug_str       0x000b1c         0x32 build/default/production/mcc_generated_files/tmr3.o
 .debug_str       0x000b4e        0x2cf build/default/production/mcc_generated_files/ext_int.o
 .debug_str       0x000e1d        0x2b6 build/default/production/main.o
 .debug_str       0x0010d3        0x2bf build/default/production/led_control.o
 .debug_str       0x001392        0x31d build/default/production/app.o
 .debug_str       0x0016af        0x2b6 build/default/production/function_api.o
 .debug_str       0x001965        0x2de build/default/production/timer_api.o
 .debug_str       0x001c43        0x344 build/default/production/uart_api.o
 .debug_str       0x001f87        0x2b6 build/default/production/relay_control.o
 .debug_str       0x00223d        0x2db build/default/production/engineer_mode.o
 .debug_str       0x002518        0x2d6 build/default/production/power_meter.o

.debug_loc
 *(.debug_loc)

.debug_macinfo
 *(.debug_macinfo)

.debug_pubnames
                  0x000000       0x1784
 *(.debug_pubnames)
 .debug_pubnames
                  0x000000         0x95 build/default/production/mcc_generated_files/spi2.o
 .debug_pubnames
                  0x000095         0x28 build/default/production/mcc_generated_files/system.o
 .debug_pubnames
                  0x0000bd        0x19c build/default/production/mcc_generated_files/pwm.o
 .debug_pubnames
                  0x000259         0xa4 build/default/production/mcc_generated_files/traps.o
 .debug_pubnames
                  0x0002fd         0x27 build/default/production/mcc_generated_files/clock.o
 .debug_pubnames
                  0x000324         0x2b build/default/production/mcc_generated_files/interrupt_manager.o
 .debug_pubnames
                  0x00034f         0x67 build/default/production/mcc_generated_files/adc1.o
 .debug_pubnames
                  0x0003b6         0x67 build/default/production/mcc_generated_files/adc2.o
 .debug_pubnames
                  0x00041d        0x284 build/default/production/mcc_generated_files/uart4.o
 .debug_pubnames
                  0x0006a1        0x284 build/default/production/mcc_generated_files/uart3.o
 .debug_pubnames
                  0x000925        0x284 build/default/production/mcc_generated_files/uart2.o
 .debug_pubnames
                  0x000ba9        0x28e build/default/production/mcc_generated_files/uart1.o
 .debug_pubnames
                  0x000e37         0x2d build/default/production/mcc_generated_files/pin_manager.o
 .debug_pubnames
                  0x000e64         0x54 build/default/production/mcc_generated_files/reset.o
 .debug_pubnames
                  0x000eb8        0x156 build/default/production/mcc_generated_files/tmr2.o
 .debug_pubnames
                  0x00100e         0x40 build/default/production/mcc_generated_files/delay.o
 .debug_pubnames
                  0x00104e        0x156 build/default/production/mcc_generated_files/tmr3.o
 .debug_pubnames
                  0x0011a4         0x51 build/default/production/mcc_generated_files/ext_int.o
 .debug_pubnames
                  0x0011f5         0x1b build/default/production/main.o
 .debug_pubnames
                  0x001210         0xaa build/default/production/led_control.o
 .debug_pubnames
                  0x0012ba        0x13a build/default/production/app.o
 .debug_pubnames
                  0x0013f4         0x51 build/default/production/function_api.o
 .debug_pubnames
                  0x001445         0x6a build/default/production/timer_api.o
 .debug_pubnames
                  0x0014af        0x148 build/default/production/uart_api.o
 .debug_pubnames
                  0x0015f7         0x5c build/default/production/relay_control.o
 .debug_pubnames
                  0x001653         0xb3 build/default/production/engineer_mode.o
 .debug_pubnames
                  0x001706         0x7e build/default/production/power_meter.o

.debug_ranges
 *(.debug_ranges)

.debug_aranges    0x000000        0x668
 *(.debug_aranges)
 .debug_aranges
                  0x000000         0x18 build/default/production/mcc_generated_files/spi2.o
 .debug_aranges
                  0x000018         0x18 build/default/production/mcc_generated_files/system.o
 .debug_aranges
                  0x000030         0x18 build/default/production/mcc_generated_files/pwm.o
 .debug_aranges
                  0x000048         0x50 build/default/production/mcc_generated_files/traps.o
 .debug_aranges
                  0x000098         0x18 build/default/production/mcc_generated_files/clock.o
 .debug_aranges
                  0x0000b0         0x18 build/default/production/mcc_generated_files/interrupt_manager.o
 .debug_aranges
                  0x0000c8         0x18 build/default/production/mcc_generated_files/adc1.o
 .debug_aranges
                  0x0000e0         0x18 build/default/production/mcc_generated_files/adc2.o
 .debug_aranges
                  0x0000f8         0x18 build/default/production/mcc_generated_files/uart4.o
 .debug_aranges
                  0x000110         0x18 build/default/production/mcc_generated_files/uart3.o
 .debug_aranges
                  0x000128         0x18 build/default/production/mcc_generated_files/uart2.o
 .debug_aranges
                  0x000140         0x20 build/default/production/mcc_generated_files/uart1.o
 .debug_aranges
                  0x000160         0x18 build/default/production/mcc_generated_files/pin_manager.o
 .debug_aranges
                  0x000178         0x18 build/default/production/mcc_generated_files/reset.o
 .debug_aranges
                  0x000190         0x18 build/default/production/mcc_generated_files/tmr2.o
 .debug_aranges
                  0x0001a8         0x18 build/default/production/mcc_generated_files/delay.o
 .debug_aranges
                  0x0001c0         0x18 build/default/production/mcc_generated_files/tmr3.o
 .debug_aranges
                  0x0001d8         0x18 build/default/production/mcc_generated_files/ext_int.o
 .debug_aranges
                  0x0001f0         0x18 build/default/production/main.o
 .debug_aranges
                  0x000208         0x18 build/default/production/led_control.o
 .debug_aranges
                  0x000220         0x18 build/default/production/app.o
 .debug_aranges
                  0x000238         0x18 build/default/production/function_api.o
 .debug_aranges
                  0x000250         0x18 build/default/production/timer_api.o
 .debug_aranges
                  0x000268         0x18 build/default/production/uart_api.o
 .debug_aranges
                  0x000280         0x18 build/default/production/relay_control.o
 .debug_aranges
                  0x000298         0x18 build/default/production/engineer_mode.o
 .debug_aranges
                  0x0002b0         0x18 build/default/production/power_meter.o
 .debug_aranges
                  0x0002c8         0x20 c:/program files/microchip/xc16/v2.10/bin/bin/../../lib\libc99-pic30-elf.a(floatunsisf.EP_o)
 .debug_aranges
                  0x0002e8         0x20 c:/program files/microchip/xc16/v2.10/bin/bin/../../lib\libc99-pic30-elf.a(udivsi3.EP_o)
 .debug_aranges
                  0x000308         0x20 c:/program files/microchip/xc16/v2.10/bin/bin/../../lib\libc99-pic30-elf.a(umodsi3.EP_o)
 .debug_aranges
                  0x000328         0x20 c:/program files/microchip/xc16/v2.10/bin/bin/../../lib\libc99-pic30-elf.a(addsf3x.EP_o)
 .debug_aranges
                  0x000348         0x20 c:/program files/microchip/xc16/v2.10/bin/bin/../../lib\libc99-pic30-elf.a(divsf3x.EP_o)
 .debug_aranges
                  0x000368         0x20 c:/program files/microchip/xc16/v2.10/bin/bin/../../lib\libc99-pic30-elf.a(mulsf3x.EP_o)
 .debug_aranges
                  0x000388         0x20 c:/program files/microchip/xc16/v2.10/bin/bin/../../lib\libc99-pic30-elf.a(dnrmpackfx.EP_o)
 .debug_aranges
                  0x0003a8         0x20 c:/program files/microchip/xc16/v2.10/bin/bin/../../lib\libc99-pic30-elf.a(unpackdnrmfx.EP_o)
 .debug_aranges
                  0x0003c8         0x20 c:/program files/microchip/xc16/v2.10/bin/bin/../../lib\libc99-pic30-elf.a(typefx.EP_o)
 .debug_aranges
                  0x0003e8         0x20 c:/program files/microchip/xc16/v2.10/bin/bin/../../lib\libc99-pic30-elf.a(propnanfx.EP_o)
 .debug_aranges
                  0x000408         0x20 c:/program files/microchip/xc16/v2.10/bin/bin/../../lib\libc99-pic30-elf.a(spackfx.EP_o)
 .debug_aranges
                  0x000428         0x20 c:/program files/microchip/xc16/v2.10/bin/bin/../../lib\libc99-pic30-elf.a(unpackfx.EP_o)
 .debug_aranges
                  0x000448         0x20 c:/program files/microchip/xc16/v2.10/bin/bin/../../lib\libc99-pic30-elf.a(floatundisf.EP_o)
 .debug_aranges
                  0x000468         0x20 c:/program files/microchip/xc16/v2.10/bin/bin/../../lib\libc99-pic30-elf.a(fpack.EP_o)
 .debug_aranges
                  0x000488         0x20 c:/program files/microchip/xc16/v2.10/bin/bin/../../lib\libc99-pic30-elf.a(deqltle.EP_o)
 .debug_aranges
                  0x0004a8         0x20 c:/program files/microchip/xc16/v2.10/bin/bin/../../lib\libc99-pic30-elf.a(dgtge.EP_o)
 .debug_aranges
                  0x0004c8         0x20 c:/program files/microchip/xc16/v2.10/bin/bin/../../lib\libc99-pic30-elf.a(extendsfdf.EP_o)
 .debug_aranges
                  0x0004e8         0x20 c:/program files/microchip/xc16/v2.10/bin/bin/../../lib\libc99-pic30-elf.a(fixdfsi.EP_o)
 .debug_aranges
                  0x000508         0x20 c:/program files/microchip/xc16/v2.10/bin/bin/../../lib\libc99-pic30-elf.a(funpack.EP_o)
 .debug_aranges
                  0x000528         0x20 c:/program files/microchip/xc16/v2.10/bin/bin/../../lib\libc99-pic30-elf.a(mulsi3.EP_o)
 .debug_aranges
                  0x000548         0x20 c:/program files/microchip/xc16/v2.10/bin/bin/../../lib\libc99-pic30-elf.a(dpadd.EP_o)
 .debug_aranges
                  0x000568         0x20 c:/program files/microchip/xc16/v2.10/bin/bin/../../lib\libc99-pic30-elf.a(dpdiv.EP_o)
 .debug_aranges
                  0x000588         0x20 c:/program files/microchip/xc16/v2.10/bin/bin/../../lib\libc99-pic30-elf.a(dpmul.EP_o)
 .debug_aranges
                  0x0005a8         0x20 c:/program files/microchip/xc16/v2.10/bin/bin/../../lib\libc99-pic30-elf.a(dpsubs.EP_o)
 .debug_aranges
                  0x0005c8         0x20 c:/program files/microchip/xc16/v2.10/bin/bin/../../lib\libc99-pic30-elf.a(dcompare.EP_o)
 .debug_aranges
                  0x0005e8         0x20 c:/program files/microchip/xc16/v2.10/bin/bin/../../lib\libc99-pic30-elf.a(dtype.EP_o)
 .debug_aranges
                  0x000608         0x20 c:/program files/microchip/xc16/v2.10/bin/bin/../../lib\libc99-pic30-elf.a(dunpack.EP_o)
 .debug_aranges
                  0x000628         0x20 c:/program files/microchip/xc16/v2.10/bin/bin/../../lib\libc99-pic30-elf.a(dunpack2.EP_o)
 .debug_aranges
                  0x000648         0x20 c:/program files/microchip/xc16/v2.10/bin/bin/../../lib\libc99-pic30-elf.a(dpropagateNaN.EP_o)
                    0x0000                  WREG0 = 0x0
                    0x0000                  _WREG0 = 0x0
                    0x0002                  WREG1 = 0x2
                    0x0002                  _WREG1 = 0x2
                    0x0004                  WREG2 = 0x4
                    0x0004                  _WREG2 = 0x4
                    0x0006                  WREG3 = 0x6
                    0x0006                  _WREG3 = 0x6
                    0x0008                  WREG4 = 0x8
                    0x0008                  _WREG4 = 0x8
                    0x000a                  WREG5 = 0xa
                    0x000a                  _WREG5 = 0xa
                    0x000c                  WREG6 = 0xc
                    0x000c                  _WREG6 = 0xc
                    0x000e                  WREG7 = 0xe
                    0x000e                  _WREG7 = 0xe
                    0x0010                  WREG8 = 0x10
                    0x0010                  _WREG8 = 0x10
                    0x0012                  WREG9 = 0x12
                    0x0012                  _WREG9 = 0x12
                    0x0014                  WREG10 = 0x14
                    0x0014                  _WREG10 = 0x14
                    0x0016                  WREG11 = 0x16
                    0x0016                  _WREG11 = 0x16
                    0x0018                  WREG12 = 0x18
                    0x0018                  _WREG12 = 0x18
                    0x001a                  WREG13 = 0x1a
                    0x001a                  _WREG13 = 0x1a
                    0x001c                  WREG14 = 0x1c
                    0x001c                  _WREG14 = 0x1c
                    0x001e                  WREG15 = 0x1e
                    0x001e                  _WREG15 = 0x1e
                    0x0020                  SPLIM = 0x20
                    0x0020                  _SPLIM = 0x20
                    0x0022                  ACCAL = 0x22
                    0x0022                  _ACCAL = 0x22
                    0x0024                  ACCAH = 0x24
                    0x0024                  _ACCAH = 0x24
                    0x0026                  ACCAU = 0x26
                    0x0026                  _ACCAU = 0x26
                    0x0028                  ACCBL = 0x28
                    0x0028                  _ACCBL = 0x28
                    0x002a                  ACCBH = 0x2a
                    0x002a                  _ACCBH = 0x2a
                    0x002c                  ACCBU = 0x2c
                    0x002c                  _ACCBU = 0x2c
                    0x002e                  PCL = 0x2e
                    0x002e                  _PCL = 0x2e
                    0x0030                  PCH = 0x30
                    0x0030                  _PCH = 0x30
                    0x0032                  DSRPAG = 0x32
                    0x0032                  _DSRPAG = 0x32
                    0x0032                  _DSRPAGbits = 0x32
                    0x0034                  DSWPAG = 0x34
                    0x0034                  _DSWPAG = 0x34
                    0x0034                  _DSWPAGbits = 0x34
                    0x0036                  RCOUNT = 0x36
                    0x0036                  _RCOUNT = 0x36
                    0x0038                  DCOUNT = 0x38
                    0x0038                  _DCOUNT = 0x38
                    0x003a                  DOSTARTL = 0x3a
                    0x003a                  _DOSTARTL = 0x3a
                    0x003c                  DOSTARTH = 0x3c
                    0x003c                  _DOSTARTH = 0x3c
                    0x003e                  DOENDL = 0x3e
                    0x003e                  _DOENDL = 0x3e
                    0x0040                  DOENDH = 0x40
                    0x0040                  _DOENDH = 0x40
                    0x0042                  SR = 0x42
                    0x0042                  _SR = 0x42
                    0x0042                  _SRbits = 0x42
                    0x0044                  CORCON = 0x44
                    0x0044                  _CORCON = 0x44
                    0x0044                  _CORCONbits = 0x44
                    0x0046                  MODCON = 0x46
                    0x0046                  _MODCON = 0x46
                    0x0046                  _MODCONbits = 0x46
                    0x0048                  XMODSRT = 0x48
                    0x0048                  _XMODSRT = 0x48
                    0x004a                  XMODEND = 0x4a
                    0x004a                  _XMODEND = 0x4a
                    0x004c                  YMODSRT = 0x4c
                    0x004c                  _YMODSRT = 0x4c
                    0x004e                  YMODEND = 0x4e
                    0x004e                  _YMODEND = 0x4e
                    0x0050                  XBREV = 0x50
                    0x0050                  _XBREV = 0x50
                    0x0050                  _XBREVbits = 0x50
                    0x0052                  DISICNT = 0x52
                    0x0052                  _DISICNT = 0x52
                    0x0054                  TBLPAG = 0x54
                    0x0054                  _TBLPAG = 0x54
                    0x0054                  _TBLPAGbits = 0x54
                    0x0058                  MSTRPR = 0x58
                    0x0058                  _MSTRPR = 0x58
                    0x0100                  TMR1 = 0x100
                    0x0100                  _TMR1 = 0x100
                    0x0102                  PR1 = 0x102
                    0x0102                  _PR1 = 0x102
                    0x0104                  T1CON = 0x104
                    0x0104                  _T1CON = 0x104
                    0x0104                  _T1CONbits = 0x104
                    0x0106                  TMR2 = 0x106
                    0x0106                  _TMR2 = 0x106
                    0x0108                  TMR3HLD = 0x108
                    0x0108                  _TMR3HLD = 0x108
                    0x010a                  TMR3 = 0x10a
                    0x010a                  _TMR3 = 0x10a
                    0x010c                  PR2 = 0x10c
                    0x010c                  _PR2 = 0x10c
                    0x010e                  PR3 = 0x10e
                    0x010e                  _PR3 = 0x10e
                    0x0110                  T2CON = 0x110
                    0x0110                  _T2CON = 0x110
                    0x0110                  _T2CONbits = 0x110
                    0x0112                  T3CON = 0x112
                    0x0112                  _T3CON = 0x112
                    0x0112                  _T3CONbits = 0x112
                    0x0114                  TMR4 = 0x114
                    0x0114                  _TMR4 = 0x114
                    0x0116                  TMR5HLD = 0x116
                    0x0116                  _TMR5HLD = 0x116
                    0x0118                  TMR5 = 0x118
                    0x0118                  _TMR5 = 0x118
                    0x011a                  PR4 = 0x11a
                    0x011a                  _PR4 = 0x11a
                    0x011c                  PR5 = 0x11c
                    0x011c                  _PR5 = 0x11c
                    0x011e                  T4CON = 0x11e
                    0x011e                  _T4CON = 0x11e
                    0x011e                  _T4CONbits = 0x11e
                    0x0120                  T5CON = 0x120
                    0x0120                  _T5CON = 0x120
                    0x0120                  _T5CONbits = 0x120
                    0x0122                  TMR6 = 0x122
                    0x0122                  _TMR6 = 0x122
                    0x0124                  TMR7HLD = 0x124
                    0x0124                  _TMR7HLD = 0x124
                    0x0126                  TMR7 = 0x126
                    0x0126                  _TMR7 = 0x126
                    0x0128                  PR6 = 0x128
                    0x0128                  _PR6 = 0x128
                    0x012a                  PR7 = 0x12a
                    0x012a                  _PR7 = 0x12a
                    0x012c                  T6CON = 0x12c
                    0x012c                  _T6CON = 0x12c
                    0x012c                  _T6CONbits = 0x12c
                    0x012e                  T7CON = 0x12e
                    0x012e                  _T7CON = 0x12e
                    0x012e                  _T7CONbits = 0x12e
                    0x0130                  TMR8 = 0x130
                    0x0130                  _TMR8 = 0x130
                    0x0132                  TMR9HLD = 0x132
                    0x0132                  _TMR9HLD = 0x132
                    0x0134                  TMR9 = 0x134
                    0x0134                  _TMR9 = 0x134
                    0x0136                  PR8 = 0x136
                    0x0136                  _PR8 = 0x136
                    0x0138                  PR9 = 0x138
                    0x0138                  _PR9 = 0x138
                    0x013a                  T8CON = 0x13a
                    0x013a                  _T8CON = 0x13a
                    0x013a                  _T8CONbits = 0x13a
                    0x013c                  T9CON = 0x13c
                    0x013c                  _T9CON = 0x13c
                    0x013c                  _T9CONbits = 0x13c
                    0x0140                  IC1CON1 = 0x140
                    0x0140                  _IC1CON1 = 0x140
                    0x0140                  _IC1CON1bits = 0x140
                    0x0142                  IC1CON2 = 0x142
                    0x0142                  _IC1CON2 = 0x142
                    0x0142                  _IC1CON2bits = 0x142
                    0x0144                  IC1BUF = 0x144
                    0x0144                  _IC1BUF = 0x144
                    0x0146                  IC1TMR = 0x146
                    0x0146                  _IC1TMR = 0x146
                    0x0148                  IC2CON1 = 0x148
                    0x0148                  _IC2CON1 = 0x148
                    0x0148                  _IC2CON1bits = 0x148
                    0x014a                  IC2CON2 = 0x14a
                    0x014a                  _IC2CON2 = 0x14a
                    0x014a                  _IC2CON2bits = 0x14a
                    0x014c                  IC2BUF = 0x14c
                    0x014c                  _IC2BUF = 0x14c
                    0x014e                  IC2TMR = 0x14e
                    0x014e                  _IC2TMR = 0x14e
                    0x0150                  IC3CON1 = 0x150
                    0x0150                  _IC3CON1 = 0x150
                    0x0150                  _IC3CON1bits = 0x150
                    0x0152                  IC3CON2 = 0x152
                    0x0152                  _IC3CON2 = 0x152
                    0x0152                  _IC3CON2bits = 0x152
                    0x0154                  IC3BUF = 0x154
                    0x0154                  _IC3BUF = 0x154
                    0x0156                  IC3TMR = 0x156
                    0x0156                  _IC3TMR = 0x156
                    0x0158                  IC4CON1 = 0x158
                    0x0158                  _IC4CON1 = 0x158
                    0x0158                  _IC4CON1bits = 0x158
                    0x015a                  IC4CON2 = 0x15a
                    0x015a                  _IC4CON2 = 0x15a
                    0x015a                  _IC4CON2bits = 0x15a
                    0x015c                  IC4BUF = 0x15c
                    0x015c                  _IC4BUF = 0x15c
                    0x015e                  IC4TMR = 0x15e
                    0x015e                  _IC4TMR = 0x15e
                    0x0160                  IC5CON1 = 0x160
                    0x0160                  _IC5CON1 = 0x160
                    0x0160                  _IC5CON1bits = 0x160
                    0x0162                  IC5CON2 = 0x162
                    0x0162                  _IC5CON2 = 0x162
                    0x0162                  _IC5CON2bits = 0x162
                    0x0164                  IC5BUF = 0x164
                    0x0164                  _IC5BUF = 0x164
                    0x0166                  IC5TMR = 0x166
                    0x0166                  _IC5TMR = 0x166
                    0x0168                  IC6CON1 = 0x168
                    0x0168                  _IC6CON1 = 0x168
                    0x0168                  _IC6CON1bits = 0x168
                    0x016a                  IC6CON2 = 0x16a
                    0x016a                  _IC6CON2 = 0x16a
                    0x016a                  _IC6CON2bits = 0x16a
                    0x016c                  IC6BUF = 0x16c
                    0x016c                  _IC6BUF = 0x16c
                    0x016e                  IC6TMR = 0x16e
                    0x016e                  _IC6TMR = 0x16e
                    0x0170                  IC7CON1 = 0x170
                    0x0170                  _IC7CON1 = 0x170
                    0x0170                  _IC7CON1bits = 0x170
                    0x0172                  IC7CON2 = 0x172
                    0x0172                  _IC7CON2 = 0x172
                    0x0172                  _IC7CON2bits = 0x172
                    0x0174                  IC7BUF = 0x174
                    0x0174                  _IC7BUF = 0x174
                    0x0176                  IC7TMR = 0x176
                    0x0176                  _IC7TMR = 0x176
                    0x0178                  IC8CON1 = 0x178
                    0x0178                  _IC8CON1 = 0x178
                    0x0178                  _IC8CON1bits = 0x178
                    0x017a                  IC8CON2 = 0x17a
                    0x017a                  _IC8CON2 = 0x17a
                    0x017a                  _IC8CON2bits = 0x17a
                    0x017c                  IC8BUF = 0x17c
                    0x017c                  _IC8BUF = 0x17c
                    0x017e                  IC8TMR = 0x17e
                    0x017e                  _IC8TMR = 0x17e
                    0x01c0                  QEI1CON = 0x1c0
                    0x01c0                  _QEI1CON = 0x1c0
                    0x01c0                  _QEI1CONbits = 0x1c0
                    0x01c2                  QEI1IOC = 0x1c2
                    0x01c2                  _QEI1IOC = 0x1c2
                    0x01c2                  _QEI1IOCbits = 0x1c2
                    0x01c4                  QEI1STAT = 0x1c4
                    0x01c4                  _QEI1STAT = 0x1c4
                    0x01c4                  _QEI1STATbits = 0x1c4
                    0x01c6                  POS1CNTL = 0x1c6
                    0x01c6                  _POS1CNTL = 0x1c6
                    0x01c8                  POS1CNTH = 0x1c8
                    0x01c8                  _POS1CNTH = 0x1c8
                    0x01ca                  POS1HLD = 0x1ca
                    0x01ca                  _POS1HLD = 0x1ca
                    0x01cc                  VEL1CNT = 0x1cc
                    0x01cc                  _VEL1CNT = 0x1cc
                    0x01ce                  INT1TMRL = 0x1ce
                    0x01ce                  _INT1TMRL = 0x1ce
                    0x01d0                  INT1TMRH = 0x1d0
                    0x01d0                  _INT1TMRH = 0x1d0
                    0x01d2                  INT1HLDL = 0x1d2
                    0x01d2                  _INT1HLDL = 0x1d2
                    0x01d4                  INT1HLDH = 0x1d4
                    0x01d4                  _INT1HLDH = 0x1d4
                    0x01d6                  INDX1CNTL = 0x1d6
                    0x01d6                  _INDX1CNTL = 0x1d6
                    0x01d8                  INDX1CNTH = 0x1d8
                    0x01d8                  _INDX1CNTH = 0x1d8
                    0x01da                  INDX1HLD = 0x1da
                    0x01da                  _INDX1HLD = 0x1da
                    0x01dc                  QEI1GECL = 0x1dc
                    0x01dc                  _QEI1GECL = 0x1dc
                    0x01dc                  QEI1ICL = 0x1dc
                    0x01dc                  _QEI1ICL = 0x1dc
                    0x01de                  QEI1GECH = 0x1de
                    0x01de                  _QEI1GECH = 0x1de
                    0x01de                  QEI1ICH = 0x1de
                    0x01de                  _QEI1ICH = 0x1de
                    0x01e0                  QEI1LECL = 0x1e0
                    0x01e0                  _QEI1LECL = 0x1e0
                    0x01e2                  QEI1LECH = 0x1e2
                    0x01e2                  _QEI1LECH = 0x1e2
                    0x0200                  I2C1RCV = 0x200
                    0x0200                  _I2C1RCV = 0x200
                    0x0202                  I2C1TRN = 0x202
                    0x0202                  _I2C1TRN = 0x202
                    0x0204                  I2C1BRG = 0x204
                    0x0204                  _I2C1BRG = 0x204
                    0x0206                  I2C1CON = 0x206
                    0x0206                  _I2C1CON = 0x206
                    0x0206                  _I2C1CONbits = 0x206
                    0x0208                  I2C1STAT = 0x208
                    0x0208                  _I2C1STAT = 0x208
                    0x0208                  _I2C1STATbits = 0x208
                    0x020a                  I2C1ADD = 0x20a
                    0x020a                  _I2C1ADD = 0x20a
                    0x020c                  I2C1MSK = 0x20c
                    0x020c                  _I2C1MSK = 0x20c
                    0x0210                  I2C2RCV = 0x210
                    0x0210                  _I2C2RCV = 0x210
                    0x0212                  I2C2TRN = 0x212
                    0x0212                  _I2C2TRN = 0x212
                    0x0214                  I2C2BRG = 0x214
                    0x0214                  _I2C2BRG = 0x214
                    0x0216                  I2C2CON = 0x216
                    0x0216                  _I2C2CON = 0x216
                    0x0216                  _I2C2CONbits = 0x216
                    0x0218                  I2C2STAT = 0x218
                    0x0218                  _I2C2STAT = 0x218
                    0x0218                  _I2C2STATbits = 0x218
                    0x021a                  I2C2ADD = 0x21a
                    0x021a                  _I2C2ADD = 0x21a
                    0x021c                  I2C2MSK = 0x21c
                    0x021c                  _I2C2MSK = 0x21c
                    0x0220                  U1MODE = 0x220
                    0x0220                  _U1MODE = 0x220
                    0x0220                  _U1MODEbits = 0x220
                    0x0222                  U1STA = 0x222
                    0x0222                  _U1STA = 0x222
                    0x0222                  _U1STAbits = 0x222
                    0x0224                  U1TXREG = 0x224
                    0x0224                  _U1TXREG = 0x224
                    0x0226                  U1RXREG = 0x226
                    0x0226                  _U1RXREG = 0x226
                    0x0228                  U1BRG = 0x228
                    0x0228                  _U1BRG = 0x228
                    0x0230                  U2MODE = 0x230
                    0x0230                  _U2MODE = 0x230
                    0x0230                  _U2MODEbits = 0x230
                    0x0232                  U2STA = 0x232
                    0x0232                  _U2STA = 0x232
                    0x0232                  _U2STAbits = 0x232
                    0x0234                  U2TXREG = 0x234
                    0x0234                  _U2TXREG = 0x234
                    0x0236                  U2RXREG = 0x236
                    0x0236                  _U2RXREG = 0x236
                    0x0238                  U2BRG = 0x238
                    0x0238                  _U2BRG = 0x238
                    0x0240                  SPI1STAT = 0x240
                    0x0240                  _SPI1STAT = 0x240
                    0x0240                  _SPI1STATbits = 0x240
                    0x0242                  SPI1CON1 = 0x242
                    0x0242                  _SPI1CON1 = 0x242
                    0x0242                  _SPI1CON1bits = 0x242
                    0x0244                  SPI1CON2 = 0x244
                    0x0244                  _SPI1CON2 = 0x244
                    0x0244                  _SPI1CON2bits = 0x244
                    0x0248                  SPI1BUF = 0x248
                    0x0248                  _SPI1BUF = 0x248
                    0x0250                  U3MODE = 0x250
                    0x0250                  _U3MODE = 0x250
                    0x0250                  _U3MODEbits = 0x250
                    0x0252                  U3STA = 0x252
                    0x0252                  _U3STA = 0x252
                    0x0252                  _U3STAbits = 0x252
                    0x0254                  U3TXREG = 0x254
                    0x0254                  _U3TXREG = 0x254
                    0x0256                  U3RXREG = 0x256
                    0x0256                  _U3RXREG = 0x256
                    0x0258                  U3BRG = 0x258
                    0x0258                  _U3BRG = 0x258
                    0x0260                  SPI2STAT = 0x260
                    0x0260                  _SPI2STAT = 0x260
                    0x0260                  _SPI2STATbits = 0x260
                    0x0262                  SPI2CON1 = 0x262
                    0x0262                  _SPI2CON1 = 0x262
                    0x0262                  _SPI2CON1bits = 0x262
                    0x0264                  SPI2CON2 = 0x264
                    0x0264                  _SPI2CON2 = 0x264
                    0x0264                  _SPI2CON2bits = 0x264
                    0x0268                  SPI2BUF = 0x268
                    0x0268                  _SPI2BUF = 0x268
                    0x0280                  DCICON1 = 0x280
                    0x0280                  _DCICON1 = 0x280
                    0x0280                  _DCICON1bits = 0x280
                    0x0282                  DCICON2 = 0x282
                    0x0282                  _DCICON2 = 0x282
                    0x0282                  _DCICON2bits = 0x282
                    0x0284                  DCICON3 = 0x284
                    0x0284                  _DCICON3 = 0x284
                    0x0284                  _DCICON3bits = 0x284
                    0x0286                  DCISTAT = 0x286
                    0x0286                  _DCISTAT = 0x286
                    0x0286                  _DCISTATbits = 0x286
                    0x0288                  TSCON = 0x288
                    0x0288                  _TSCON = 0x288
                    0x0288                  _TSCONbits = 0x288
                    0x028a                  RESERVED1 = 0x28a
                    0x028a                  _RESERVED1 = 0x28a
                    0x028c                  RSCON = 0x28c
                    0x028c                  _RSCON = 0x28c
                    0x028c                  _RSCONbits = 0x28c
                    0x028e                  RESERVED2 = 0x28e
                    0x028e                  _RESERVED2 = 0x28e
                    0x0290                  RXBUF0 = 0x290
                    0x0290                  _RXBUF0 = 0x290
                    0x0292                  RXBUF1 = 0x292
                    0x0292                  _RXBUF1 = 0x292
                    0x0294                  RXBUF2 = 0x294
                    0x0294                  _RXBUF2 = 0x294
                    0x0296                  RXBUF3 = 0x296
                    0x0296                  _RXBUF3 = 0x296
                    0x0298                  TXBUF0 = 0x298
                    0x0298                  _TXBUF0 = 0x298
                    0x029a                  TXBUF1 = 0x29a
                    0x029a                  _TXBUF1 = 0x29a
                    0x029c                  TXBUF2 = 0x29c
                    0x029c                  _TXBUF2 = 0x29c
                    0x029e                  TXBUF3 = 0x29e
                    0x029e                  _TXBUF3 = 0x29e
                    0x02a0                  SPI3STAT = 0x2a0
                    0x02a0                  _SPI3STAT = 0x2a0
                    0x02a0                  _SPI3STATbits = 0x2a0
                    0x02a2                  SPI3CON1 = 0x2a2
                    0x02a2                  _SPI3CON1 = 0x2a2
                    0x02a2                  _SPI3CON1bits = 0x2a2
                    0x02a4                  SPI3CON2 = 0x2a4
                    0x02a4                  _SPI3CON2 = 0x2a4
                    0x02a4                  _SPI3CON2bits = 0x2a4
                    0x02a8                  SPI3BUF = 0x2a8
                    0x02a8                  _SPI3BUF = 0x2a8
                    0x02b0                  U4MODE = 0x2b0
                    0x02b0                  _U4MODE = 0x2b0
                    0x02b0                  _U4MODEbits = 0x2b0
                    0x02b2                  U4STA = 0x2b2
                    0x02b2                  _U4STA = 0x2b2
                    0x02b2                  _U4STAbits = 0x2b2
                    0x02b4                  U4TXREG = 0x2b4
                    0x02b4                  _U4TXREG = 0x2b4
                    0x02b6                  U4RXREG = 0x2b6
                    0x02b6                  _U4RXREG = 0x2b6
                    0x02b8                  U4BRG = 0x2b8
                    0x02b8                  _U4BRG = 0x2b8
                    0x0300                  ADC1BUF0 = 0x300
                    0x0300                  _ADC1BUF0 = 0x300
                    0x0302                  ADC1BUF1 = 0x302
                    0x0302                  _ADC1BUF1 = 0x302
                    0x0304                  ADC1BUF2 = 0x304
                    0x0304                  _ADC1BUF2 = 0x304
                    0x0306                  ADC1BUF3 = 0x306
                    0x0306                  _ADC1BUF3 = 0x306
                    0x0308                  ADC1BUF4 = 0x308
                    0x0308                  _ADC1BUF4 = 0x308
                    0x030a                  ADC1BUF5 = 0x30a
                    0x030a                  _ADC1BUF5 = 0x30a
                    0x030c                  ADC1BUF6 = 0x30c
                    0x030c                  _ADC1BUF6 = 0x30c
                    0x030e                  ADC1BUF7 = 0x30e
                    0x030e                  _ADC1BUF7 = 0x30e
                    0x0310                  ADC1BUF8 = 0x310
                    0x0310                  _ADC1BUF8 = 0x310
                    0x0312                  ADC1BUF9 = 0x312
                    0x0312                  _ADC1BUF9 = 0x312
                    0x0314                  ADC1BUFA = 0x314